---
created: "2019-09-07T15:10:48.495502712Z"
creator: insta@0.8.2
source: tests/snapshots.rs
expression: parsed
---
Statements {
    stmts: [
        (
            Comment(
                "###",
            ),
            LineSpan {
                from: 1,
                to: 1,
            },
        ),
        (
            Comment(
                "## Comparing keyboard layouts: QWERTY, Dvorak, and Colemak",
            ),
            LineSpan {
                from: 2,
                to: 2,
            },
        ),
        (
            Comment(
                "##",
            ),
            LineSpan {
                from: 3,
                to: 3,
            },
        ),
        (
            Empty,
            LineSpan {
                from: 4,
                to: 4,
            },
        ),
        (
            Comment(
                "## One-way ANOVA",
            ),
            LineSpan {
                from: 5,
                to: 5,
            },
        ),
        (
            Empty,
            LineSpan {
                from: 6,
                to: 6,
            },
        ),
        (
            Comment(
                "# read in a data file with task completion Speeds (min) now from 3 tools",
            ),
            LineSpan {
                from: 7,
                to: 7,
            },
        ),
        (
            Assignment(
                Variable(
                    "kbd",
                ),
                [],
                Call(
                    Variable(
                        "read.csv",
                    ),
                    [
                        (
                            None,
                            Constant(
                                "\"./2-kbd-study.csv\"",
                            ),
                        ),
                    ],
                ),
            ),
            LineSpan {
                from: 8,
                to: 8,
            },
        ),
        (
            Expression(
                Call(
                    Variable(
                        "View",
                    ),
                    [
                        (
                            None,
                            Variable(
                                "kbd",
                            ),
                        ),
                    ],
                ),
            ),
            LineSpan {
                from: 9,
                to: 9,
            },
        ),
        (
            TailComment(
                Assignment(
                    Column(
                        Variable(
                            "kbd",
                        ),
                        Variable(
                            "ParticipantID",
                        ),
                    ),
                    [],
                    Call(
                        Variable(
                            "factor",
                        ),
                        [
                            (
                                None,
                                Column(
                                    Variable(
                                        "kbd",
                                    ),
                                    Variable(
                                        "ParticipantID",
                                    ),
                                ),
                            ),
                        ],
                    ),
                ),
                "# convert to nominal factor",
            ),
            LineSpan {
                from: 10,
                to: 10,
            },
        ),
        (
            Expression(
                Call(
                    Variable(
                        "summary",
                    ),
                    [
                        (
                            None,
                            Variable(
                                "kbd",
                            ),
                        ),
                    ],
                ),
            ),
            LineSpan {
                from: 11,
                to: 11,
            },
        ),
        (
            Empty,
            LineSpan {
                from: 12,
                to: 12,
            },
        ),
        (
            Comment(
                "# view descriptive statistics by Speed",
            ),
            LineSpan {
                from: 13,
                to: 13,
            },
        ),
        (
            Library(
                "plyr",
            ),
            LineSpan {
                from: 14,
                to: 14,
            },
        ),
        (
            Expression(
                Call(
                    Variable(
                        "ddply",
                    ),
                    [
                        (
                            None,
                            Variable(
                                "kbd",
                            ),
                        ),
                        (
                            None,
                            OneSidedFormula(
                                Variable(
                                    "Layout",
                                ),
                            ),
                        ),
                        (
                            None,
                            Function(
                                [
                                    (
                                        "data",
                                        None,
                                    ),
                                ],
                                [
                                    Expression(
                                        Call(
                                            Variable(
                                                "summary",
                                            ),
                                            [
                                                (
                                                    None,
                                                    Column(
                                                        Variable(
                                                            "data",
                                                        ),
                                                        Variable(
                                                            "Speed",
                                                        ),
                                                    ),
                                                ),
                                            ],
                                        ),
                                    ),
                                ],
                            ),
                        ),
                    ],
                ),
            ),
            LineSpan {
                from: 15,
                to: 15,
            },
        ),
        (
            Expression(
                Call(
                    Variable(
                        "ddply",
                    ),
                    [
                        (
                            None,
                            Variable(
                                "kbd",
                            ),
                        ),
                        (
                            None,
                            OneSidedFormula(
                                Variable(
                                    "Layout",
                                ),
                            ),
                        ),
                        (
                            None,
                            Variable(
                                "summarise",
                            ),
                        ),
                        (
                            Some(
                                "Speed.mean",
                            ),
                            Call(
                                Variable(
                                    "mean",
                                ),
                                [
                                    (
                                        None,
                                        Variable(
                                            "Speed",
                                        ),
                                    ),
                                ],
                            ),
                        ),
                        (
                            Some(
                                "Speed.sd",
                            ),
                            Call(
                                Variable(
                                    "sd",
                                ),
                                [
                                    (
                                        None,
                                        Variable(
                                            "Speed",
                                        ),
                                    ),
                                ],
                            ),
                        ),
                    ],
                ),
            ),
            LineSpan {
                from: 16,
                to: 16,
            },
        ),
        (
            Empty,
            LineSpan {
                from: 17,
                to: 17,
            },
        ),
        (
            Comment(
                "# explore new response distribution",
            ),
            LineSpan {
                from: 18,
                to: 18,
            },
        ),
        (
            Expression(
                Call(
                    Variable(
                        "hist",
                    ),
                    [
                        (
                            None,
                            Column(
                                Index(
                                    Variable(
                                        "kbd",
                                    ),
                                    [
                                        Some(
                                            Infix(
                                                "==",
                                                Column(
                                                    Variable(
                                                        "kbd",
                                                    ),
                                                    Variable(
                                                        "Layout",
                                                    ),
                                                ),
                                                Constant(
                                                    "\"QWERTY\"",
                                                ),
                                            ),
                                        ),
                                        None,
                                    ],
                                ),
                                Variable(
                                    "Speed",
                                ),
                            ),
                        ),
                    ],
                ),
            ),
            LineSpan {
                from: 19,
                to: 19,
            },
        ),
        (
            Expression(
                Call(
                    Variable(
                        "hist",
                    ),
                    [
                        (
                            None,
                            Column(
                                Index(
                                    Variable(
                                        "kbd",
                                    ),
                                    [
                                        Some(
                                            Infix(
                                                "==",
                                                Column(
                                                    Variable(
                                                        "kbd",
                                                    ),
                                                    Variable(
                                                        "Layout",
                                                    ),
                                                ),
                                                Constant(
                                                    "\"Dvorak\"",
                                                ),
                                            ),
                                        ),
                                        None,
                                    ],
                                ),
                                Variable(
                                    "Speed",
                                ),
                            ),
                        ),
                    ],
                ),
            ),
            LineSpan {
                from: 20,
                to: 20,
            },
        ),
        (
            TailComment(
                Expression(
                    Call(
                        Variable(
                            "hist",
                        ),
                        [
                            (
                                None,
                                Column(
                                    Index(
                                        Variable(
                                            "kbd",
                                        ),
                                        [
                                            Some(
                                                Infix(
                                                    "==",
                                                    Column(
                                                        Variable(
                                                            "kbd",
                                                        ),
                                                        Variable(
                                                            "Layout",
                                                        ),
                                                    ),
                                                    Constant(
                                                        "\"Colemak\"",
                                                    ),
                                                ),
                                            ),
                                            None,
                                        ],
                                    ),
                                    Variable(
                                        "Speed",
                                    ),
                                ),
                            ),
                        ],
                    ),
                ),
                "# new one",
            ),
            LineSpan {
                from: 21,
                to: 21,
            },
        ),
        (
            TailComment(
                Expression(
                    Call(
                        Variable(
                            "plot",
                        ),
                        [
                            (
                                None,
                                TwoSidedFormula(
                                    Variable(
                                        "Speed",
                                    ),
                                    Variable(
                                        "Layout",
                                    ),
                                ),
                            ),
                            (
                                Some(
                                    "data",
                                ),
                                Variable(
                                    "kbd",
                                ),
                            ),
                        ],
                    ),
                ),
                "# boxplot",
            ),
            LineSpan {
                from: 22,
                to: 22,
            },
        ),
        (
            Empty,
            LineSpan {
                from: 23,
                to: 23,
            },
        ),
        (
            Comment(
                "# test normality for new Layout",
            ),
            LineSpan {
                from: 24,
                to: 24,
            },
        ),
        (
            Expression(
                Call(
                    Variable(
                        "shapiro.test",
                    ),
                    [
                        (
                            None,
                            Column(
                                Index(
                                    Variable(
                                        "kbd",
                                    ),
                                    [
                                        Some(
                                            Infix(
                                                "==",
                                                Column(
                                                    Variable(
                                                        "kbd",
                                                    ),
                                                    Variable(
                                                        "Layout",
                                                    ),
                                                ),
                                                Constant(
                                                    "\"QWERTY\"",
                                                ),
                                            ),
                                        ),
                                        None,
                                    ],
                                ),
                                Variable(
                                    "Speed",
                                ),
                            ),
                        ),
                    ],
                ),
            ),
            LineSpan {
                from: 25,
                to: 25,
            },
        ),
        (
            Expression(
                Call(
                    Variable(
                        "shapiro.test",
                    ),
                    [
                        (
                            None,
                            Column(
                                Index(
                                    Variable(
                                        "kbd",
                                    ),
                                    [
                                        Some(
                                            Infix(
                                                "==",
                                                Column(
                                                    Variable(
                                                        "kbd",
                                                    ),
                                                    Variable(
                                                        "Layout",
                                                    ),
                                                ),
                                                Constant(
                                                    "\"Dvorak\"",
                                                ),
                                            ),
                                        ),
                                        None,
                                    ],
                                ),
                                Variable(
                                    "Speed",
                                ),
                            ),
                        ),
                    ],
                ),
            ),
            LineSpan {
                from: 26,
                to: 26,
            },
        ),
        (
            Expression(
                Call(
                    Variable(
                        "shapiro.test",
                    ),
                    [
                        (
                            None,
                            Column(
                                Index(
                                    Variable(
                                        "kbd",
                                    ),
                                    [
                                        Some(
                                            Infix(
                                                "==",
                                                Column(
                                                    Variable(
                                                        "kbd",
                                                    ),
                                                    Variable(
                                                        "Layout",
                                                    ),
                                                ),
                                                Constant(
                                                    "\"Colemak\"",
                                                ),
                                            ),
                                        ),
                                        None,
                                    ],
                                ),
                                Variable(
                                    "Speed",
                                ),
                            ),
                        ),
                    ],
                ),
            ),
            LineSpan {
                from: 27,
                to: 27,
            },
        ),
        (
            TailComment(
                Assignment(
                    Variable(
                        "m",
                    ),
                    [],
                    Call(
                        Variable(
                            "aov",
                        ),
                        [
                            (
                                None,
                                TwoSidedFormula(
                                    Variable(
                                        "Speed",
                                    ),
                                    Variable(
                                        "Layout",
                                    ),
                                ),
                            ),
                            (
                                Some(
                                    "data",
                                ),
                                Variable(
                                    "kbd",
                                ),
                            ),
                        ],
                    ),
                ),
                "# fit model",
            ),
            LineSpan {
                from: 28,
                to: 28,
            },
        ),
        (
            TailComment(
                Expression(
                    Call(
                        Variable(
                            "shapiro.test",
                        ),
                        [
                            (
                                None,
                                Call(
                                    Variable(
                                        "residuals",
                                    ),
                                    [
                                        (
                                            None,
                                            Variable(
                                                "m",
                                            ),
                                        ),
                                    ],
                                ),
                            ),
                        ],
                    ),
                ),
                "# test residuals",
            ),
            LineSpan {
                from: 29,
                to: 29,
            },
        ),
        (
            Expression(
                Call(
                    Variable(
                        "qqnorm",
                    ),
                    [
                        (
                            None,
                            Call(
                                Variable(
                                    "residuals",
                                ),
                                [
                                    (
                                        None,
                                        Variable(
                                            "m",
                                        ),
                                    ),
                                ],
                            ),
                        ),
                    ],
                ),
            ),
            LineSpan {
                from: 30,
                to: 30,
            },
        ),
        (
            TailComment(
                Expression(
                    Call(
                        Variable(
                            "qqline",
                        ),
                        [
                            (
                                None,
                                Call(
                                    Variable(
                                        "residuals",
                                    ),
                                    [
                                        (
                                            None,
                                            Variable(
                                                "m",
                                            ),
                                        ),
                                    ],
                                ),
                            ),
                        ],
                    ),
                ),
                "# plot residuals",
            ),
            LineSpan {
                from: 30,
                to: 30,
            },
        ),
        (
            Empty,
            LineSpan {
                from: 31,
                to: 31,
            },
        ),
        (
            Comment(
                "# test log-normality of new Layout",
            ),
            LineSpan {
                from: 32,
                to: 32,
            },
        ),
        (
            Library(
                "MASS",
            ),
            LineSpan {
                from: 33,
                to: 33,
            },
        ),
        (
            Assignment(
                Variable(
                    "fit",
                ),
                [],
                Column(
                    Call(
                        Variable(
                            "fitdistr",
                        ),
                        [
                            (
                                None,
                                Column(
                                    Index(
                                        Variable(
                                            "kbd",
                                        ),
                                        [
                                            Some(
                                                Infix(
                                                    "==",
                                                    Column(
                                                        Variable(
                                                            "kbd",
                                                        ),
                                                        Variable(
                                                            "Layout",
                                                        ),
                                                    ),
                                                    Constant(
                                                        "\"QWERTY\"",
                                                    ),
                                                ),
                                            ),
                                            None,
                                        ],
                                    ),
                                    Variable(
                                        "Speed",
                                    ),
                                ),
                            ),
                            (
                                None,
                                Constant(
                                    "\"lognormal\"",
                                ),
                            ),
                        ],
                    ),
                    Variable(
                        "estimate",
                    ),
                ),
            ),
            LineSpan {
                from: 34,
                to: 34,
            },
        ),
        (
            TailComment(
                Expression(
                    Call(
                        Variable(
                            "ks.test",
                        ),
                        [
                            (
                                None,
                                Column(
                                    Index(
                                        Variable(
                                            "kbd",
                                        ),
                                        [
                                            Some(
                                                Infix(
                                                    "==",
                                                    Column(
                                                        Variable(
                                                            "kbd",
                                                        ),
                                                        Variable(
                                                            "Layout",
                                                        ),
                                                    ),
                                                    Constant(
                                                        "\"QWERTY\"",
                                                    ),
                                                ),
                                            ),
                                            None,
                                        ],
                                    ),
                                    Variable(
                                        "Speed",
                                    ),
                                ),
                            ),
                            (
                                None,
                                Constant(
                                    "\"plnorm\"",
                                ),
                            ),
                            (
                                Some(
                                    "meanlog",
                                ),
                                Index(
                                    Variable(
                                        "fit",
                                    ),
                                    [
                                        Some(
                                            Constant(
                                                "1",
                                            ),
                                        ),
                                    ],
                                ),
                            ),
                            (
                                Some(
                                    "sdlog",
                                ),
                                Index(
                                    Variable(
                                        "fit",
                                    ),
                                    [
                                        Some(
                                            Constant(
                                                "2",
                                            ),
                                        ),
                                    ],
                                ),
                            ),
                            (
                                Some(
                                    "exact",
                                ),
                                Constant(
                                    "TRUE",
                                ),
                            ),
                        ],
                    ),
                ),
                "# lognormality",
            ),
            LineSpan {
                from: 35,
                to: 35,
            },
        ),
        (
            Empty,
            LineSpan {
                from: 36,
                to: 36,
            },
        ),
        (
            Comment(
                "# compute new log(Speed) column and re-test",
            ),
            LineSpan {
                from: 37,
                to: 37,
            },
        ),
        (
            TailComment(
                Assignment(
                    Column(
                        Variable(
                            "kbd",
                        ),
                        Variable(
                            "logSpeed",
                        ),
                    ),
                    [],
                    Call(
                        Variable(
                            "log",
                        ),
                        [
                            (
                                None,
                                Column(
                                    Variable(
                                        "kbd",
                                    ),
                                    Variable(
                                        "Speed",
                                    ),
                                ),
                            ),
                        ],
                    ),
                ),
                "# add new column",
            ),
            LineSpan {
                from: 38,
                to: 38,
            },
        ),
        (
            TailComment(
                Expression(
                    Call(
                        Variable(
                            "View",
                        ),
                        [
                            (
                                None,
                                Variable(
                                    "kbd",
                                ),
                            ),
                        ],
                    ),
                ),
                "# verify",
            ),
            LineSpan {
                from: 39,
                to: 39,
            },
        ),
        (
            Expression(
                Call(
                    Variable(
                        "shapiro.test",
                    ),
                    [
                        (
                            None,
                            Column(
                                Index(
                                    Variable(
                                        "kbd",
                                    ),
                                    [
                                        Some(
                                            Infix(
                                                "==",
                                                Column(
                                                    Variable(
                                                        "kbd",
                                                    ),
                                                    Variable(
                                                        "Layout",
                                                    ),
                                                ),
                                                Constant(
                                                    "\"QWERTY\"",
                                                ),
                                            ),
                                        ),
                                        None,
                                    ],
                                ),
                                Variable(
                                    "logSpeed",
                                ),
                            ),
                        ),
                    ],
                ),
            ),
            LineSpan {
                from: 40,
                to: 40,
            },
        ),
        (
            TailComment(
                Assignment(
                    Variable(
                        "m",
                    ),
                    [],
                    Call(
                        Variable(
                            "aov",
                        ),
                        [
                            (
                                None,
                                TwoSidedFormula(
                                    Variable(
                                        "logSpeed",
                                    ),
                                    Variable(
                                        "Layout",
                                    ),
                                ),
                            ),
                            (
                                Some(
                                    "data",
                                ),
                                Variable(
                                    "kbd",
                                ),
                            ),
                        ],
                    ),
                ),
                "# fit model",
            ),
            LineSpan {
                from: 41,
                to: 41,
            },
        ),
        (
            TailComment(
                Expression(
                    Call(
                        Variable(
                            "shapiro.test",
                        ),
                        [
                            (
                                None,
                                Call(
                                    Variable(
                                        "residuals",
                                    ),
                                    [
                                        (
                                            None,
                                            Variable(
                                                "m",
                                            ),
                                        ),
                                    ],
                                ),
                            ),
                        ],
                    ),
                ),
                "# test residuals",
            ),
            LineSpan {
                from: 42,
                to: 42,
            },
        ),
        (
            Expression(
                Call(
                    Variable(
                        "qqnorm",
                    ),
                    [
                        (
                            None,
                            Call(
                                Variable(
                                    "residuals",
                                ),
                                [
                                    (
                                        None,
                                        Variable(
                                            "m",
                                        ),
                                    ),
                                ],
                            ),
                        ),
                    ],
                ),
            ),
            LineSpan {
                from: 43,
                to: 43,
            },
        ),
        (
            TailComment(
                Expression(
                    Call(
                        Variable(
                            "qqline",
                        ),
                        [
                            (
                                None,
                                Call(
                                    Variable(
                                        "residuals",
                                    ),
                                    [
                                        (
                                            None,
                                            Variable(
                                                "m",
                                            ),
                                        ),
                                    ],
                                ),
                            ),
                        ],
                    ),
                ),
                "# plot residuals",
            ),
            LineSpan {
                from: 43,
                to: 43,
            },
        ),
        (
            Empty,
            LineSpan {
                from: 44,
                to: 44,
            },
        ),
        (
            Comment(
                "# test homoscedasticity",
            ),
            LineSpan {
                from: 45,
                to: 45,
            },
        ),
        (
            Library(
                "car",
            ),
            LineSpan {
                from: 46,
                to: 46,
            },
        ),
        (
            TailComment(
                Expression(
                    Call(
                        Variable(
                            "leveneTest",
                        ),
                        [
                            (
                                None,
                                TwoSidedFormula(
                                    Variable(
                                        "Speed",
                                    ),
                                    Variable(
                                        "Layout",
                                    ),
                                ),
                            ),
                            (
                                Some(
                                    "data",
                                ),
                                Variable(
                                    "kbd",
                                ),
                            ),
                            (
                                Some(
                                    "center",
                                ),
                                Variable(
                                    "median",
                                ),
                            ),
                        ],
                    ),
                ),
                "# Brown-Forsythe test",
            ),
            LineSpan {
                from: 47,
                to: 47,
            },
        ),
        (
            Empty,
            LineSpan {
                from: 48,
                to: 48,
            },
        ),
        (
            Comment(
                "# one-way ANOVA, suitable now to logSpeed",
            ),
            LineSpan {
                from: 49,
                to: 49,
            },
        ),
        (
            TailComment(
                Assignment(
                    Variable(
                        "m",
                    ),
                    [],
                    Call(
                        Variable(
                            "aov",
                        ),
                        [
                            (
                                None,
                                TwoSidedFormula(
                                    Variable(
                                        "Speed",
                                    ),
                                    Variable(
                                        "Layout",
                                    ),
                                ),
                            ),
                            (
                                Some(
                                    "data",
                                ),
                                Variable(
                                    "kbd",
                                ),
                            ),
                        ],
                    ),
                ),
                "# fit model",
            ),
            LineSpan {
                from: 50,
                to: 50,
            },
        ),
        (
            TailComment(
                Expression(
                    Call(
                        Variable(
                            "anova",
                        ),
                        [
                            (
                                None,
                                Variable(
                                    "m",
                                ),
                            ),
                        ],
                    ),
                ),
                "# report anova",
            ),
            LineSpan {
                from: 51,
                to: 51,
            },
        ),
        (
            Empty,
            LineSpan {
                from: 52,
                to: 52,
            },
        ),
        (
            Comment(
                "# post hoc independent-samples t-tests",
            ),
            LineSpan {
                from: 53,
                to: 53,
            },
        ),
        (
            TailComment(
                Expression(
                    Call(
                        Variable(
                            "plot",
                        ),
                        [
                            (
                                None,
                                TwoSidedFormula(
                                    Variable(
                                        "Speed",
                                    ),
                                    Variable(
                                        "Layout",
                                    ),
                                ),
                            ),
                            (
                                Some(
                                    "data",
                                ),
                                Variable(
                                    "kbd",
                                ),
                            ),
                        ],
                    ),
                ),
                "# for convenience",
            ),
            LineSpan {
                from: 54,
                to: 54,
            },
        ),
        (
            Library(
                "multcomp",
            ),
            LineSpan {
                from: 55,
                to: 55,
            },
        ),
        (
            TailComment(
                Expression(
                    Call(
                        Variable(
                            "summary",
                        ),
                        [
                            (
                                None,
                                Call(
                                    Variable(
                                        "glht",
                                    ),
                                    [
                                        (
                                            None,
                                            Variable(
                                                "m",
                                            ),
                                        ),
                                        (
                                            None,
                                            Call(
                                                Variable(
                                                    "mcp",
                                                ),
                                                [
                                                    (
                                                        Some(
                                                            "Layout",
                                                        ),
                                                        Constant(
                                                            "\"Tukey\"",
                                                        ),
                                                    ),
                                                ],
                                            ),
                                        ),
                                    ],
                                ),
                            ),
                            (
                                Some(
                                    "test",
                                ),
                                Call(
                                    Variable(
                                        "adjusted",
                                    ),
                                    [
                                        (
                                            Some(
                                                "type",
                                            ),
                                            Constant(
                                                "\"holm\"",
                                            ),
                                        ),
                                    ],
                                ),
                            ),
                        ],
                    ),
                ),
                "# Tukey means compare all pairs",
            ),
            LineSpan {
                from: 56,
                to: 56,
            },
        ),
        (
            Comment(
                "# note: equivalent to this using lsm instead of mcp",
            ),
            LineSpan {
                from: 57,
                to: 57,
            },
        ),
        (
            Library(
                "lsmeans",
            ),
            LineSpan {
                from: 58,
                to: 58,
            },
        ),
        (
            Expression(
                Call(
                    Variable(
                        "summary",
                    ),
                    [
                        (
                            None,
                            Call(
                                Variable(
                                    "glht",
                                ),
                                [
                                    (
                                        None,
                                        Variable(
                                            "m",
                                        ),
                                    ),
                                    (
                                        None,
                                        Call(
                                            Variable(
                                                "lsm",
                                            ),
                                            [
                                                (
                                                    None,
                                                    TwoSidedFormula(
                                                        Variable(
                                                            "pairwise",
                                                        ),
                                                        Variable(
                                                            "Layout",
                                                        ),
                                                    ),
                                                ),
                                            ],
                                        ),
                                    ),
                                ],
                            ),
                        ),
                        (
                            Some(
                                "test",
                            ),
                            Call(
                                Variable(
                                    "adjusted",
                                ),
                                [
                                    (
                                        Some(
                                            "type",
                                        ),
                                        Constant(
                                            "\"holm\"",
                                        ),
                                    ),
                                ],
                            ),
                        ),
                    ],
                ),
            ),
            LineSpan {
                from: 59,
                to: 59,
            },
        ),
        (
            Empty,
            LineSpan {
                from: 60,
                to: 60,
            },
        ),
        (
            Empty,
            LineSpan {
                from: 61,
                to: 61,
            },
        ),
        (
            Comment(
                "## Nonparametric equivalent of one-way ANOVA",
            ),
            LineSpan {
                from: 62,
                to: 62,
            },
        ),
        (
            Empty,
            LineSpan {
                from: 63,
                to: 63,
            },
        ),
        (
            Comment(
                "# Kruskal-Wallis test",
            ),
            LineSpan {
                from: 64,
                to: 64,
            },
        ),
        (
            Library(
                "coin",
            ),
            LineSpan {
                from: 65,
                to: 65,
            },
        ),
        (
            TailComment(
                Expression(
                    Call(
                        Variable(
                            "kruskal_test",
                        ),
                        [
                            (
                                None,
                                TwoSidedFormula(
                                    Variable(
                                        "Speed",
                                    ),
                                    Variable(
                                        "Layout",
                                    ),
                                ),
                            ),
                            (
                                Some(
                                    "data",
                                ),
                                Variable(
                                    "kbd",
                                ),
                            ),
                            (
                                Some(
                                    "distribution",
                                ),
                                Constant(
                                    "\"asymptotic\"",
                                ),
                            ),
                        ],
                    ),
                ),
                "# can\'t do exact with 3 levels",
            ),
            LineSpan {
                from: 66,
                to: 66,
            },
        ),
        (
            TailComment(
                Expression(
                    Call(
                        Variable(
                            "kruskal_test",
                        ),
                        [
                            (
                                None,
                                TwoSidedFormula(
                                    Variable(
                                        "logSpeed",
                                    ),
                                    Variable(
                                        "Layout",
                                    ),
                                ),
                            ),
                            (
                                Some(
                                    "data",
                                ),
                                Variable(
                                    "kbd",
                                ),
                            ),
                            (
                                Some(
                                    "distribution",
                                ),
                                Constant(
                                    "\"asymptotic\"",
                                ),
                            ),
                        ],
                    ),
                ),
                "# note: same result",
            ),
            LineSpan {
                from: 67,
                to: 67,
            },
        ),
        (
            Comment(
                "# for reporting Kruskal-Wallis as chi-square, we can get N with nrow(kbd)",
            ),
            LineSpan {
                from: 68,
                to: 68,
            },
        ),
        (
            Empty,
            LineSpan {
                from: 69,
                to: 69,
            },
        ),
        (
            Comment(
                "# manual post hoc Mann-Whitney U pairwise comparisons",
            ),
            LineSpan {
                from: 70,
                to: 70,
            },
        ),
        (
            Comment(
                "# note: wilcox_test we used above doesn\'t take two data vectors, so use wilcox.test",
            ),
            LineSpan {
                from: 71,
                to: 71,
            },
        ),
        (
            Assignment(
                Variable(
                    "vs.ec",
                ),
                [],
                Call(
                    Variable(
                        "wilcox.test",
                    ),
                    [
                        (
                            None,
                            Column(
                                Index(
                                    Variable(
                                        "kbd",
                                    ),
                                    [
                                        Some(
                                            Infix(
                                                "==",
                                                Column(
                                                    Variable(
                                                        "kbd",
                                                    ),
                                                    Variable(
                                                        "Layout",
                                                    ),
                                                ),
                                                Constant(
                                                    "\"Dvorak\"",
                                                ),
                                            ),
                                        ),
                                        None,
                                    ],
                                ),
                                Variable(
                                    "Speed",
                                ),
                            ),
                        ),
                        (
                            None,
                            Column(
                                Index(
                                    Variable(
                                        "kbd",
                                    ),
                                    [
                                        Some(
                                            Infix(
                                                "==",
                                                Column(
                                                    Variable(
                                                        "kbd",
                                                    ),
                                                    Variable(
                                                        "Layout",
                                                    ),
                                                ),
                                                Constant(
                                                    "\"QWERTY\"",
                                                ),
                                            ),
                                        ),
                                        None,
                                    ],
                                ),
                                Variable(
                                    "Speed",
                                ),
                            ),
                        ),
                        (
                            Some(
                                "exact",
                            ),
                            Constant(
                                "FALSE",
                            ),
                        ),
                    ],
                ),
            ),
            LineSpan {
                from: 72,
                to: 72,
            },
        ),
        (
            Assignment(
                Variable(
                    "vs.py",
                ),
                [],
                Call(
                    Variable(
                        "wilcox.test",
                    ),
                    [
                        (
                            None,
                            Column(
                                Index(
                                    Variable(
                                        "kbd",
                                    ),
                                    [
                                        Some(
                                            Infix(
                                                "==",
                                                Column(
                                                    Variable(
                                                        "kbd",
                                                    ),
                                                    Variable(
                                                        "Layout",
                                                    ),
                                                ),
                                                Constant(
                                                    "\"Colemak\"",
                                                ),
                                            ),
                                        ),
                                        None,
                                    ],
                                ),
                                Variable(
                                    "Speed",
                                ),
                            ),
                        ),
                        (
                            None,
                            Column(
                                Index(
                                    Variable(
                                        "kbd",
                                    ),
                                    [
                                        Some(
                                            Infix(
                                                "==",
                                                Column(
                                                    Variable(
                                                        "kbd",
                                                    ),
                                                    Variable(
                                                        "Layout",
                                                    ),
                                                ),
                                                Constant(
                                                    "\"QWERTY\"",
                                                ),
                                            ),
                                        ),
                                        None,
                                    ],
                                ),
                                Variable(
                                    "Speed",
                                ),
                            ),
                        ),
                        (
                            Some(
                                "exact",
                            ),
                            Constant(
                                "FALSE",
                            ),
                        ),
                    ],
                ),
            ),
            LineSpan {
                from: 73,
                to: 73,
            },
        ),
        (
            Assignment(
                Variable(
                    "ec.py",
                ),
                [],
                Call(
                    Variable(
                        "wilcox.test",
                    ),
                    [
                        (
                            None,
                            Column(
                                Index(
                                    Variable(
                                        "kbd",
                                    ),
                                    [
                                        Some(
                                            Infix(
                                                "==",
                                                Column(
                                                    Variable(
                                                        "kbd",
                                                    ),
                                                    Variable(
                                                        "Layout",
                                                    ),
                                                ),
                                                Constant(
                                                    "\"Colemak\"",
                                                ),
                                            ),
                                        ),
                                        None,
                                    ],
                                ),
                                Variable(
                                    "Speed",
                                ),
                            ),
                        ),
                        (
                            None,
                            Column(
                                Index(
                                    Variable(
                                        "kbd",
                                    ),
                                    [
                                        Some(
                                            Infix(
                                                "==",
                                                Column(
                                                    Variable(
                                                        "kbd",
                                                    ),
                                                    Variable(
                                                        "Layout",
                                                    ),
                                                ),
                                                Constant(
                                                    "\"Dvorak\"",
                                                ),
                                            ),
                                        ),
                                        None,
                                    ],
                                ),
                                Variable(
                                    "Speed",
                                ),
                            ),
                        ),
                        (
                            Some(
                                "exact",
                            ),
                            Constant(
                                "FALSE",
                            ),
                        ),
                    ],
                ),
            ),
            LineSpan {
                from: 74,
                to: 74,
            },
        ),
        (
            Expression(
                Call(
                    Variable(
                        "p.adjust",
                    ),
                    [
                        (
                            None,
                            Call(
                                Variable(
                                    "c",
                                ),
                                [
                                    (
                                        None,
                                        Column(
                                            Variable(
                                                "vs.ec",
                                            ),
                                            Variable(
                                                "p.value",
                                            ),
                                        ),
                                    ),
                                    (
                                        None,
                                        Column(
                                            Variable(
                                                "vs.py",
                                            ),
                                            Variable(
                                                "p.value",
                                            ),
                                        ),
                                    ),
                                    (
                                        None,
                                        Column(
                                            Variable(
                                                "ec.py",
                                            ),
                                            Variable(
                                                "p.value",
                                            ),
                                        ),
                                    ),
                                ],
                            ),
                        ),
                        (
                            Some(
                                "method",
                            ),
                            Constant(
                                "\"holm\"",
                            ),
                        ),
                    ],
                ),
            ),
            LineSpan {
                from: 75,
                to: 75,
            },
        ),
        (
            Empty,
            LineSpan {
                from: 76,
                to: 76,
            },
        ),
        (
            Comment(
                "# alternative approach is using PMCMR for nonparam pairwise comparisons",
            ),
            LineSpan {
                from: 77,
                to: 77,
            },
        ),
        (
            Library(
                "PMCMR",
            ),
            LineSpan {
                from: 78,
                to: 78,
            },
        ),
        (
            TailComment(
                Expression(
                    Call(
                        Variable(
                            "posthoc.kruskal.conover.test",
                        ),
                        [
                            (
                                None,
                                TwoSidedFormula(
                                    Variable(
                                        "Speed",
                                    ),
                                    Variable(
                                        "Layout",
                                    ),
                                ),
                            ),
                            (
                                Some(
                                    "data",
                                ),
                                Variable(
                                    "kbd",
                                ),
                            ),
                            (
                                Some(
                                    "p.adjust.method",
                                ),
                                Constant(
                                    "\"holm\"",
                                ),
                            ),
                        ],
                    ),
                ),
                "# Conover & Iman (1979)",
            ),
            LineSpan {
                from: 79,
                to: 79,
            },
        ),
    ],
}
