---
created: "2019-08-13T09:16:11.229788500Z"
creator: insta@0.8.2
source: tests/snapshots.rs
expression: parsed
---
Tractus(
    [
        Comment(
            "###",
        ),
        Comment(
            "## Comparing keyboard layouts: QWERTY, Dvorak, and Colemak",
        ),
        Comment(
            "##",
        ),
        Empty,
        Comment(
            "## One-way ANOVA",
        ),
        Empty,
        Comment(
            "# read in a data file with task completion Speeds (min) now from 3 tools",
        ),
        Assignment(
            Variable(
                "kbd",
            ),
            [],
            Call(
                "read.csv",
                [
                    (
                        None,
                        Constant(
                            "\"./2-kbd-study.csv\"",
                        ),
                    ),
                ],
            ),
        ),
        Expression(
            Call(
                "View",
                [
                    (
                        None,
                        Variable(
                            "kbd",
                        ),
                    ),
                ],
            ),
        ),
        TailComment(
            Assignment(
                Column(
                    Variable(
                        "kbd",
                    ),
                    Variable(
                        "ParticipantID",
                    ),
                ),
                [],
                Call(
                    "factor",
                    [
                        (
                            None,
                            Column(
                                Variable(
                                    "kbd",
                                ),
                                Variable(
                                    "ParticipantID",
                                ),
                            ),
                        ),
                    ],
                ),
            ),
            "# convert to nominal factor",
        ),
        Expression(
            Call(
                "summary",
                [
                    (
                        None,
                        Variable(
                            "kbd",
                        ),
                    ),
                ],
            ),
        ),
        Empty,
        Comment(
            "# view descriptive statistics by Speed",
        ),
        Library(
            "plyr",
        ),
        Expression(
            Call(
                "ddply",
                [
                    (
                        None,
                        Variable(
                            "kbd",
                        ),
                    ),
                    (
                        None,
                        Formula(
                            OneSided(
                                Variable(
                                    "Layout",
                                ),
                            ),
                        ),
                    ),
                    (
                        None,
                        Function(
                            [
                                (
                                    "data",
                                    None,
                                ),
                            ],
                            Lines(
                                [
                                    Expression(
                                        Call(
                                            "summary",
                                            [
                                                (
                                                    None,
                                                    Column(
                                                        Variable(
                                                            "data",
                                                        ),
                                                        Variable(
                                                            "Speed",
                                                        ),
                                                    ),
                                                ),
                                            ],
                                        ),
                                    ),
                                ],
                            ),
                        ),
                    ),
                ],
            ),
        ),
        Expression(
            Call(
                "ddply",
                [
                    (
                        None,
                        Variable(
                            "kbd",
                        ),
                    ),
                    (
                        None,
                        Formula(
                            OneSided(
                                Variable(
                                    "Layout",
                                ),
                            ),
                        ),
                    ),
                    (
                        None,
                        Variable(
                            "summarise",
                        ),
                    ),
                    (
                        Some(
                            "Speed.mean",
                        ),
                        Call(
                            "mean",
                            [
                                (
                                    None,
                                    Variable(
                                        "Speed",
                                    ),
                                ),
                            ],
                        ),
                    ),
                    (
                        Some(
                            "Speed.sd",
                        ),
                        Call(
                            "sd",
                            [
                                (
                                    None,
                                    Variable(
                                        "Speed",
                                    ),
                                ),
                            ],
                        ),
                    ),
                ],
            ),
        ),
        Empty,
        Comment(
            "# explore new response distribution",
        ),
        Expression(
            Call(
                "hist",
                [
                    (
                        None,
                        Column(
                            Index(
                                Variable(
                                    "kbd",
                                ),
                                [
                                    Some(
                                        Infix(
                                            "==",
                                            Column(
                                                Variable(
                                                    "kbd",
                                                ),
                                                Variable(
                                                    "Layout",
                                                ),
                                            ),
                                            Constant(
                                                "\"QWERTY\"",
                                            ),
                                        ),
                                    ),
                                    None,
                                ],
                            ),
                            Variable(
                                "Speed",
                            ),
                        ),
                    ),
                ],
            ),
        ),
        Expression(
            Call(
                "hist",
                [
                    (
                        None,
                        Column(
                            Index(
                                Variable(
                                    "kbd",
                                ),
                                [
                                    Some(
                                        Infix(
                                            "==",
                                            Column(
                                                Variable(
                                                    "kbd",
                                                ),
                                                Variable(
                                                    "Layout",
                                                ),
                                            ),
                                            Constant(
                                                "\"Dvorak\"",
                                            ),
                                        ),
                                    ),
                                    None,
                                ],
                            ),
                            Variable(
                                "Speed",
                            ),
                        ),
                    ),
                ],
            ),
        ),
        TailComment(
            Expression(
                Call(
                    "hist",
                    [
                        (
                            None,
                            Column(
                                Index(
                                    Variable(
                                        "kbd",
                                    ),
                                    [
                                        Some(
                                            Infix(
                                                "==",
                                                Column(
                                                    Variable(
                                                        "kbd",
                                                    ),
                                                    Variable(
                                                        "Layout",
                                                    ),
                                                ),
                                                Constant(
                                                    "\"Colemak\"",
                                                ),
                                            ),
                                        ),
                                        None,
                                    ],
                                ),
                                Variable(
                                    "Speed",
                                ),
                            ),
                        ),
                    ],
                ),
            ),
            "# new one",
        ),
        TailComment(
            Expression(
                Call(
                    "plot",
                    [
                        (
                            None,
                            Formula(
                                TwoSided(
                                    "Speed",
                                    Variable(
                                        "Layout",
                                    ),
                                ),
                            ),
                        ),
                        (
                            Some(
                                "data",
                            ),
                            Variable(
                                "kbd",
                            ),
                        ),
                    ],
                ),
            ),
            "# boxplot",
        ),
        Empty,
        Comment(
            "# test normality for new Layout",
        ),
        Expression(
            Call(
                "shapiro.test",
                [
                    (
                        None,
                        Column(
                            Index(
                                Variable(
                                    "kbd",
                                ),
                                [
                                    Some(
                                        Infix(
                                            "==",
                                            Column(
                                                Variable(
                                                    "kbd",
                                                ),
                                                Variable(
                                                    "Layout",
                                                ),
                                            ),
                                            Constant(
                                                "\"QWERTY\"",
                                            ),
                                        ),
                                    ),
                                    None,
                                ],
                            ),
                            Variable(
                                "Speed",
                            ),
                        ),
                    ),
                ],
            ),
        ),
        Expression(
            Call(
                "shapiro.test",
                [
                    (
                        None,
                        Column(
                            Index(
                                Variable(
                                    "kbd",
                                ),
                                [
                                    Some(
                                        Infix(
                                            "==",
                                            Column(
                                                Variable(
                                                    "kbd",
                                                ),
                                                Variable(
                                                    "Layout",
                                                ),
                                            ),
                                            Constant(
                                                "\"Dvorak\"",
                                            ),
                                        ),
                                    ),
                                    None,
                                ],
                            ),
                            Variable(
                                "Speed",
                            ),
                        ),
                    ),
                ],
            ),
        ),
        Expression(
            Call(
                "shapiro.test",
                [
                    (
                        None,
                        Column(
                            Index(
                                Variable(
                                    "kbd",
                                ),
                                [
                                    Some(
                                        Infix(
                                            "==",
                                            Column(
                                                Variable(
                                                    "kbd",
                                                ),
                                                Variable(
                                                    "Layout",
                                                ),
                                            ),
                                            Constant(
                                                "\"Colemak\"",
                                            ),
                                        ),
                                    ),
                                    None,
                                ],
                            ),
                            Variable(
                                "Speed",
                            ),
                        ),
                    ),
                ],
            ),
        ),
        TailComment(
            Assignment(
                Variable(
                    "m",
                ),
                [],
                Call(
                    "aov",
                    [
                        (
                            None,
                            Formula(
                                TwoSided(
                                    "Speed",
                                    Variable(
                                        "Layout",
                                    ),
                                ),
                            ),
                        ),
                        (
                            Some(
                                "data",
                            ),
                            Variable(
                                "kbd",
                            ),
                        ),
                    ],
                ),
            ),
            "# fit model",
        ),
        TailComment(
            Expression(
                Call(
                    "shapiro.test",
                    [
                        (
                            None,
                            Call(
                                "residuals",
                                [
                                    (
                                        None,
                                        Variable(
                                            "m",
                                        ),
                                    ),
                                ],
                            ),
                        ),
                    ],
                ),
            ),
            "# test residuals",
        ),
        Expression(
            Call(
                "qqnorm",
                [
                    (
                        None,
                        Call(
                            "residuals",
                            [
                                (
                                    None,
                                    Variable(
                                        "m",
                                    ),
                                ),
                            ],
                        ),
                    ),
                ],
            ),
        ),
        TailComment(
            Expression(
                Call(
                    "qqline",
                    [
                        (
                            None,
                            Call(
                                "residuals",
                                [
                                    (
                                        None,
                                        Variable(
                                            "m",
                                        ),
                                    ),
                                ],
                            ),
                        ),
                    ],
                ),
            ),
            "# plot residuals",
        ),
        Empty,
        Comment(
            "# test log-normality of new Layout",
        ),
        Library(
            "MASS",
        ),
        Assignment(
            Variable(
                "fit",
            ),
            [],
            Column(
                Call(
                    "fitdistr",
                    [
                        (
                            None,
                            Column(
                                Index(
                                    Variable(
                                        "kbd",
                                    ),
                                    [
                                        Some(
                                            Infix(
                                                "==",
                                                Column(
                                                    Variable(
                                                        "kbd",
                                                    ),
                                                    Variable(
                                                        "Layout",
                                                    ),
                                                ),
                                                Constant(
                                                    "\"QWERTY\"",
                                                ),
                                            ),
                                        ),
                                        None,
                                    ],
                                ),
                                Variable(
                                    "Speed",
                                ),
                            ),
                        ),
                        (
                            None,
                            Constant(
                                "\"lognormal\"",
                            ),
                        ),
                    ],
                ),
                Variable(
                    "estimate",
                ),
            ),
        ),
        TailComment(
            Expression(
                Call(
                    "ks.test",
                    [
                        (
                            None,
                            Column(
                                Index(
                                    Variable(
                                        "kbd",
                                    ),
                                    [
                                        Some(
                                            Infix(
                                                "==",
                                                Column(
                                                    Variable(
                                                        "kbd",
                                                    ),
                                                    Variable(
                                                        "Layout",
                                                    ),
                                                ),
                                                Constant(
                                                    "\"QWERTY\"",
                                                ),
                                            ),
                                        ),
                                        None,
                                    ],
                                ),
                                Variable(
                                    "Speed",
                                ),
                            ),
                        ),
                        (
                            None,
                            Constant(
                                "\"plnorm\"",
                            ),
                        ),
                        (
                            Some(
                                "meanlog",
                            ),
                            Index(
                                Variable(
                                    "fit",
                                ),
                                [
                                    Some(
                                        Constant(
                                            "1",
                                        ),
                                    ),
                                ],
                            ),
                        ),
                        (
                            Some(
                                "sdlog",
                            ),
                            Index(
                                Variable(
                                    "fit",
                                ),
                                [
                                    Some(
                                        Constant(
                                            "2",
                                        ),
                                    ),
                                ],
                            ),
                        ),
                        (
                            Some(
                                "exact",
                            ),
                            Constant(
                                "TRUE",
                            ),
                        ),
                    ],
                ),
            ),
            "# lognormality",
        ),
        Empty,
        Comment(
            "# compute new log(Speed) column and re-test",
        ),
        TailComment(
            Assignment(
                Column(
                    Variable(
                        "kbd",
                    ),
                    Variable(
                        "logSpeed",
                    ),
                ),
                [],
                Call(
                    "log",
                    [
                        (
                            None,
                            Column(
                                Variable(
                                    "kbd",
                                ),
                                Variable(
                                    "Speed",
                                ),
                            ),
                        ),
                    ],
                ),
            ),
            "# add new column",
        ),
        TailComment(
            Expression(
                Call(
                    "View",
                    [
                        (
                            None,
                            Variable(
                                "kbd",
                            ),
                        ),
                    ],
                ),
            ),
            "# verify",
        ),
        Expression(
            Call(
                "shapiro.test",
                [
                    (
                        None,
                        Column(
                            Index(
                                Variable(
                                    "kbd",
                                ),
                                [
                                    Some(
                                        Infix(
                                            "==",
                                            Column(
                                                Variable(
                                                    "kbd",
                                                ),
                                                Variable(
                                                    "Layout",
                                                ),
                                            ),
                                            Constant(
                                                "\"QWERTY\"",
                                            ),
                                        ),
                                    ),
                                    None,
                                ],
                            ),
                            Variable(
                                "logSpeed",
                            ),
                        ),
                    ),
                ],
            ),
        ),
        TailComment(
            Assignment(
                Variable(
                    "m",
                ),
                [],
                Call(
                    "aov",
                    [
                        (
                            None,
                            Formula(
                                TwoSided(
                                    "logSpeed",
                                    Variable(
                                        "Layout",
                                    ),
                                ),
                            ),
                        ),
                        (
                            Some(
                                "data",
                            ),
                            Variable(
                                "kbd",
                            ),
                        ),
                    ],
                ),
            ),
            "# fit model",
        ),
        TailComment(
            Expression(
                Call(
                    "shapiro.test",
                    [
                        (
                            None,
                            Call(
                                "residuals",
                                [
                                    (
                                        None,
                                        Variable(
                                            "m",
                                        ),
                                    ),
                                ],
                            ),
                        ),
                    ],
                ),
            ),
            "# test residuals",
        ),
        Expression(
            Call(
                "qqnorm",
                [
                    (
                        None,
                        Call(
                            "residuals",
                            [
                                (
                                    None,
                                    Variable(
                                        "m",
                                    ),
                                ),
                            ],
                        ),
                    ),
                ],
            ),
        ),
        TailComment(
            Expression(
                Call(
                    "qqline",
                    [
                        (
                            None,
                            Call(
                                "residuals",
                                [
                                    (
                                        None,
                                        Variable(
                                            "m",
                                        ),
                                    ),
                                ],
                            ),
                        ),
                    ],
                ),
            ),
            "# plot residuals",
        ),
        Empty,
        Comment(
            "# test homoscedasticity",
        ),
        Library(
            "car",
        ),
        TailComment(
            Expression(
                Call(
                    "leveneTest",
                    [
                        (
                            None,
                            Formula(
                                TwoSided(
                                    "Speed",
                                    Variable(
                                        "Layout",
                                    ),
                                ),
                            ),
                        ),
                        (
                            Some(
                                "data",
                            ),
                            Variable(
                                "kbd",
                            ),
                        ),
                        (
                            Some(
                                "center",
                            ),
                            Variable(
                                "median",
                            ),
                        ),
                    ],
                ),
            ),
            "# Brown-Forsythe test",
        ),
        Empty,
        Comment(
            "# one-way ANOVA, suitable now to logSpeed",
        ),
        TailComment(
            Assignment(
                Variable(
                    "m",
                ),
                [],
                Call(
                    "aov",
                    [
                        (
                            None,
                            Formula(
                                TwoSided(
                                    "Speed",
                                    Variable(
                                        "Layout",
                                    ),
                                ),
                            ),
                        ),
                        (
                            Some(
                                "data",
                            ),
                            Variable(
                                "kbd",
                            ),
                        ),
                    ],
                ),
            ),
            "# fit model",
        ),
        TailComment(
            Expression(
                Call(
                    "anova",
                    [
                        (
                            None,
                            Variable(
                                "m",
                            ),
                        ),
                    ],
                ),
            ),
            "# report anova",
        ),
        Empty,
        Comment(
            "# post hoc independent-samples t-tests",
        ),
        TailComment(
            Expression(
                Call(
                    "plot",
                    [
                        (
                            None,
                            Formula(
                                TwoSided(
                                    "Speed",
                                    Variable(
                                        "Layout",
                                    ),
                                ),
                            ),
                        ),
                        (
                            Some(
                                "data",
                            ),
                            Variable(
                                "kbd",
                            ),
                        ),
                    ],
                ),
            ),
            "# for convenience",
        ),
        Library(
            "multcomp",
        ),
        TailComment(
            Expression(
                Call(
                    "summary",
                    [
                        (
                            None,
                            Call(
                                "glht",
                                [
                                    (
                                        None,
                                        Variable(
                                            "m",
                                        ),
                                    ),
                                    (
                                        None,
                                        Call(
                                            "mcp",
                                            [
                                                (
                                                    Some(
                                                        "Layout",
                                                    ),
                                                    Constant(
                                                        "\"Tukey\"",
                                                    ),
                                                ),
                                            ],
                                        ),
                                    ),
                                ],
                            ),
                        ),
                        (
                            Some(
                                "test",
                            ),
                            Call(
                                "adjusted",
                                [
                                    (
                                        Some(
                                            "type",
                                        ),
                                        Constant(
                                            "\"holm\"",
                                        ),
                                    ),
                                ],
                            ),
                        ),
                    ],
                ),
            ),
            "# Tukey means compare all pairs",
        ),
        Comment(
            "# note: equivalent to this using lsm instead of mcp",
        ),
        Library(
            "lsmeans",
        ),
        Expression(
            Call(
                "summary",
                [
                    (
                        None,
                        Call(
                            "glht",
                            [
                                (
                                    None,
                                    Variable(
                                        "m",
                                    ),
                                ),
                                (
                                    None,
                                    Call(
                                        "lsm",
                                        [
                                            (
                                                None,
                                                Formula(
                                                    TwoSided(
                                                        "pairwise",
                                                        Variable(
                                                            "Layout",
                                                        ),
                                                    ),
                                                ),
                                            ),
                                        ],
                                    ),
                                ),
                            ],
                        ),
                    ),
                    (
                        Some(
                            "test",
                        ),
                        Call(
                            "adjusted",
                            [
                                (
                                    Some(
                                        "type",
                                    ),
                                    Constant(
                                        "\"holm\"",
                                    ),
                                ),
                            ],
                        ),
                    ),
                ],
            ),
        ),
        Empty,
        Empty,
        Comment(
            "## Nonparametric equivalent of one-way ANOVA",
        ),
        Empty,
        Comment(
            "# Kruskal-Wallis test",
        ),
        Library(
            "coin",
        ),
        TailComment(
            Expression(
                Call(
                    "kruskal_test",
                    [
                        (
                            None,
                            Formula(
                                TwoSided(
                                    "Speed",
                                    Variable(
                                        "Layout",
                                    ),
                                ),
                            ),
                        ),
                        (
                            Some(
                                "data",
                            ),
                            Variable(
                                "kbd",
                            ),
                        ),
                        (
                            Some(
                                "distribution",
                            ),
                            Constant(
                                "\"asymptotic\"",
                            ),
                        ),
                    ],
                ),
            ),
            "# can\'t do exact with 3 levels",
        ),
        TailComment(
            Expression(
                Call(
                    "kruskal_test",
                    [
                        (
                            None,
                            Formula(
                                TwoSided(
                                    "logSpeed",
                                    Variable(
                                        "Layout",
                                    ),
                                ),
                            ),
                        ),
                        (
                            Some(
                                "data",
                            ),
                            Variable(
                                "kbd",
                            ),
                        ),
                        (
                            Some(
                                "distribution",
                            ),
                            Constant(
                                "\"asymptotic\"",
                            ),
                        ),
                    ],
                ),
            ),
            "# note: same result",
        ),
        Comment(
            "# for reporting Kruskal-Wallis as chi-square, we can get N with nrow(kbd)",
        ),
        Empty,
        Comment(
            "# manual post hoc Mann-Whitney U pairwise comparisons",
        ),
        Comment(
            "# note: wilcox_test we used above doesn\'t take two data vectors, so use wilcox.test",
        ),
        Assignment(
            Variable(
                "vs.ec",
            ),
            [],
            Call(
                "wilcox.test",
                [
                    (
                        None,
                        Column(
                            Index(
                                Variable(
                                    "kbd",
                                ),
                                [
                                    Some(
                                        Infix(
                                            "==",
                                            Column(
                                                Variable(
                                                    "kbd",
                                                ),
                                                Variable(
                                                    "Layout",
                                                ),
                                            ),
                                            Constant(
                                                "\"Dvorak\"",
                                            ),
                                        ),
                                    ),
                                    None,
                                ],
                            ),
                            Variable(
                                "Speed",
                            ),
                        ),
                    ),
                    (
                        None,
                        Column(
                            Index(
                                Variable(
                                    "kbd",
                                ),
                                [
                                    Some(
                                        Infix(
                                            "==",
                                            Column(
                                                Variable(
                                                    "kbd",
                                                ),
                                                Variable(
                                                    "Layout",
                                                ),
                                            ),
                                            Constant(
                                                "\"QWERTY\"",
                                            ),
                                        ),
                                    ),
                                    None,
                                ],
                            ),
                            Variable(
                                "Speed",
                            ),
                        ),
                    ),
                    (
                        Some(
                            "exact",
                        ),
                        Constant(
                            "FALSE",
                        ),
                    ),
                ],
            ),
        ),
        Assignment(
            Variable(
                "vs.py",
            ),
            [],
            Call(
                "wilcox.test",
                [
                    (
                        None,
                        Column(
                            Index(
                                Variable(
                                    "kbd",
                                ),
                                [
                                    Some(
                                        Infix(
                                            "==",
                                            Column(
                                                Variable(
                                                    "kbd",
                                                ),
                                                Variable(
                                                    "Layout",
                                                ),
                                            ),
                                            Constant(
                                                "\"Colemak\"",
                                            ),
                                        ),
                                    ),
                                    None,
                                ],
                            ),
                            Variable(
                                "Speed",
                            ),
                        ),
                    ),
                    (
                        None,
                        Column(
                            Index(
                                Variable(
                                    "kbd",
                                ),
                                [
                                    Some(
                                        Infix(
                                            "==",
                                            Column(
                                                Variable(
                                                    "kbd",
                                                ),
                                                Variable(
                                                    "Layout",
                                                ),
                                            ),
                                            Constant(
                                                "\"QWERTY\"",
                                            ),
                                        ),
                                    ),
                                    None,
                                ],
                            ),
                            Variable(
                                "Speed",
                            ),
                        ),
                    ),
                    (
                        Some(
                            "exact",
                        ),
                        Constant(
                            "FALSE",
                        ),
                    ),
                ],
            ),
        ),
        Assignment(
            Variable(
                "ec.py",
            ),
            [],
            Call(
                "wilcox.test",
                [
                    (
                        None,
                        Column(
                            Index(
                                Variable(
                                    "kbd",
                                ),
                                [
                                    Some(
                                        Infix(
                                            "==",
                                            Column(
                                                Variable(
                                                    "kbd",
                                                ),
                                                Variable(
                                                    "Layout",
                                                ),
                                            ),
                                            Constant(
                                                "\"Colemak\"",
                                            ),
                                        ),
                                    ),
                                    None,
                                ],
                            ),
                            Variable(
                                "Speed",
                            ),
                        ),
                    ),
                    (
                        None,
                        Column(
                            Index(
                                Variable(
                                    "kbd",
                                ),
                                [
                                    Some(
                                        Infix(
                                            "==",
                                            Column(
                                                Variable(
                                                    "kbd",
                                                ),
                                                Variable(
                                                    "Layout",
                                                ),
                                            ),
                                            Constant(
                                                "\"Dvorak\"",
                                            ),
                                        ),
                                    ),
                                    None,
                                ],
                            ),
                            Variable(
                                "Speed",
                            ),
                        ),
                    ),
                    (
                        Some(
                            "exact",
                        ),
                        Constant(
                            "FALSE",
                        ),
                    ),
                ],
            ),
        ),
        Expression(
            Call(
                "p.adjust",
                [
                    (
                        None,
                        Call(
                            "c",
                            [
                                (
                                    None,
                                    Column(
                                        Variable(
                                            "vs.ec",
                                        ),
                                        Variable(
                                            "p.value",
                                        ),
                                    ),
                                ),
                                (
                                    None,
                                    Column(
                                        Variable(
                                            "vs.py",
                                        ),
                                        Variable(
                                            "p.value",
                                        ),
                                    ),
                                ),
                                (
                                    None,
                                    Column(
                                        Variable(
                                            "ec.py",
                                        ),
                                        Variable(
                                            "p.value",
                                        ),
                                    ),
                                ),
                            ],
                        ),
                    ),
                    (
                        Some(
                            "method",
                        ),
                        Constant(
                            "\"holm\"",
                        ),
                    ),
                ],
            ),
        ),
        Empty,
        Comment(
            "# alternative approach is using PMCMR for nonparam pairwise comparisons",
        ),
        Library(
            "PMCMR",
        ),
        TailComment(
            Expression(
                Call(
                    "posthoc.kruskal.conover.test",
                    [
                        (
                            None,
                            Formula(
                                TwoSided(
                                    "Speed",
                                    Variable(
                                        "Layout",
                                    ),
                                ),
                            ),
                        ),
                        (
                            Some(
                                "data",
                            ),
                            Variable(
                                "kbd",
                            ),
                        ),
                        (
                            Some(
                                "p.adjust.method",
                            ),
                            Constant(
                                "\"holm\"",
                            ),
                        ),
                    ],
                ),
            ),
            "# Conover & Iman (1979)",
        ),
    ],
)
