---
created: "2019-08-12T15:50:02.866826Z"
creator: insta@0.8.2
source: tests/snapshots.rs
expression: parsed.generate_hypothesis_tree()
---
{
    None: [
        Node {
            expression: Call(
                "read.csv",
                [
                    (
                        None,
                        Constant(
                            "\"./2-kbd-study.csv\"",
                        ),
                    ),
                ],
            ),
            children: {
                None: [
                    Node {
                        expression: Call(
                            "View",
                            [
                                (
                                    None,
                                    Variable(
                                        "kbd",
                                    ),
                                ),
                            ],
                        ),
                        children: {},
                    },
                    Node {
                        expression: Call(
                            "summary",
                            [
                                (
                                    None,
                                    Variable(
                                        "kbd",
                                    ),
                                ),
                            ],
                        ),
                        children: {},
                    },
                    Node {
                        expression: Call(
                            "ddply",
                            [
                                (
                                    None,
                                    Variable(
                                        "kbd",
                                    ),
                                ),
                                (
                                    None,
                                    Formula(
                                        OneSided(
                                            Variable(
                                                "Layout",
                                            ),
                                        ),
                                    ),
                                ),
                                (
                                    None,
                                    Function(
                                        [
                                            (
                                                "data",
                                                None,
                                            ),
                                        ],
                                        "summary(data$Speed)",
                                    ),
                                ),
                            ],
                        ),
                        children: {},
                    },
                    Node {
                        expression: Call(
                            "ddply",
                            [
                                (
                                    None,
                                    Variable(
                                        "kbd",
                                    ),
                                ),
                                (
                                    None,
                                    Formula(
                                        OneSided(
                                            Variable(
                                                "Layout",
                                            ),
                                        ),
                                    ),
                                ),
                                (
                                    None,
                                    Variable(
                                        "summarise",
                                    ),
                                ),
                                (
                                    Some(
                                        "Speed.mean",
                                    ),
                                    Call(
                                        "mean",
                                        [
                                            (
                                                None,
                                                Variable(
                                                    "Speed",
                                                ),
                                            ),
                                        ],
                                    ),
                                ),
                                (
                                    Some(
                                        "Speed.sd",
                                    ),
                                    Call(
                                        "sd",
                                        [
                                            (
                                                None,
                                                Variable(
                                                    "Speed",
                                                ),
                                            ),
                                        ],
                                    ),
                                ),
                            ],
                        ),
                        children: {},
                    },
                ],
                Some(
                    Hypothesis {
                        left: "Speed",
                        right: Variable(
                            "Layout",
                        ),
                    },
                ): [
                    Node {
                        expression: Call(
                            "hist",
                            [
                                (
                                    None,
                                    Column(
                                        Index(
                                            Variable(
                                                "kbd",
                                            ),
                                            [
                                                Some(
                                                    Infix(
                                                        "==",
                                                        Column(
                                                            Variable(
                                                                "kbd",
                                                            ),
                                                            Variable(
                                                                "Layout",
                                                            ),
                                                        ),
                                                        Constant(
                                                            "\"QWERTY\"",
                                                        ),
                                                    ),
                                                ),
                                                None,
                                            ],
                                        ),
                                        Variable(
                                            "Speed",
                                        ),
                                    ),
                                ),
                            ],
                        ),
                        children: {},
                    },
                    Node {
                        expression: Call(
                            "hist",
                            [
                                (
                                    None,
                                    Column(
                                        Index(
                                            Variable(
                                                "kbd",
                                            ),
                                            [
                                                Some(
                                                    Infix(
                                                        "==",
                                                        Column(
                                                            Variable(
                                                                "kbd",
                                                            ),
                                                            Variable(
                                                                "Layout",
                                                            ),
                                                        ),
                                                        Constant(
                                                            "\"Dvorak\"",
                                                        ),
                                                    ),
                                                ),
                                                None,
                                            ],
                                        ),
                                        Variable(
                                            "Speed",
                                        ),
                                    ),
                                ),
                            ],
                        ),
                        children: {},
                    },
                    Node {
                        expression: Call(
                            "shapiro.test",
                            [
                                (
                                    None,
                                    Column(
                                        Index(
                                            Variable(
                                                "kbd",
                                            ),
                                            [
                                                Some(
                                                    Infix(
                                                        "==",
                                                        Column(
                                                            Variable(
                                                                "kbd",
                                                            ),
                                                            Variable(
                                                                "Layout",
                                                            ),
                                                        ),
                                                        Constant(
                                                            "\"QWERTY\"",
                                                        ),
                                                    ),
                                                ),
                                                None,
                                            ],
                                        ),
                                        Variable(
                                            "Speed",
                                        ),
                                    ),
                                ),
                            ],
                        ),
                        children: {},
                    },
                    Node {
                        expression: Call(
                            "shapiro.test",
                            [
                                (
                                    None,
                                    Column(
                                        Index(
                                            Variable(
                                                "kbd",
                                            ),
                                            [
                                                Some(
                                                    Infix(
                                                        "==",
                                                        Column(
                                                            Variable(
                                                                "kbd",
                                                            ),
                                                            Variable(
                                                                "Layout",
                                                            ),
                                                        ),
                                                        Constant(
                                                            "\"Dvorak\"",
                                                        ),
                                                    ),
                                                ),
                                                None,
                                            ],
                                        ),
                                        Variable(
                                            "Speed",
                                        ),
                                    ),
                                ),
                            ],
                        ),
                        children: {},
                    },
                    Node {
                        expression: Call(
                            "shapiro.test",
                            [
                                (
                                    None,
                                    Column(
                                        Index(
                                            Variable(
                                                "kbd",
                                            ),
                                            [
                                                Some(
                                                    Infix(
                                                        "==",
                                                        Column(
                                                            Variable(
                                                                "kbd",
                                                            ),
                                                            Variable(
                                                                "Layout",
                                                            ),
                                                        ),
                                                        Constant(
                                                            "\"Colemak\"",
                                                        ),
                                                    ),
                                                ),
                                                None,
                                            ],
                                        ),
                                        Variable(
                                            "Speed",
                                        ),
                                    ),
                                ),
                            ],
                        ),
                        children: {},
                    },
                    Node {
                        expression: Column(
                            Call(
                                "fitdistr",
                                [
                                    (
                                        None,
                                        Column(
                                            Index(
                                                Variable(
                                                    "kbd",
                                                ),
                                                [
                                                    Some(
                                                        Infix(
                                                            "==",
                                                            Column(
                                                                Variable(
                                                                    "kbd",
                                                                ),
                                                                Variable(
                                                                    "Layout",
                                                                ),
                                                            ),
                                                            Constant(
                                                                "\"QWERTY\"",
                                                            ),
                                                        ),
                                                    ),
                                                    None,
                                                ],
                                            ),
                                            Variable(
                                                "Speed",
                                            ),
                                        ),
                                    ),
                                    (
                                        None,
                                        Constant(
                                            "\"lognormal\"",
                                        ),
                                    ),
                                ],
                            ),
                            Variable(
                                "estimate",
                            ),
                        ),
                        children: {},
                    },
                    Node {
                        expression: Call(
                            "wilcox.test",
                            [
                                (
                                    None,
                                    Column(
                                        Index(
                                            Variable(
                                                "kbd",
                                            ),
                                            [
                                                Some(
                                                    Infix(
                                                        "==",
                                                        Column(
                                                            Variable(
                                                                "kbd",
                                                            ),
                                                            Variable(
                                                                "Layout",
                                                            ),
                                                        ),
                                                        Constant(
                                                            "\"Dvorak\"",
                                                        ),
                                                    ),
                                                ),
                                                None,
                                            ],
                                        ),
                                        Variable(
                                            "Speed",
                                        ),
                                    ),
                                ),
                                (
                                    None,
                                    Column(
                                        Index(
                                            Variable(
                                                "kbd",
                                            ),
                                            [
                                                Some(
                                                    Infix(
                                                        "==",
                                                        Column(
                                                            Variable(
                                                                "kbd",
                                                            ),
                                                            Variable(
                                                                "Layout",
                                                            ),
                                                        ),
                                                        Constant(
                                                            "\"QWERTY\"",
                                                        ),
                                                    ),
                                                ),
                                                None,
                                            ],
                                        ),
                                        Variable(
                                            "Speed",
                                        ),
                                    ),
                                ),
                                (
                                    Some(
                                        "exact",
                                    ),
                                    Constant(
                                        "FALSE",
                                    ),
                                ),
                            ],
                        ),
                        children: {
                            None: [
                                Node {
                                    expression: Call(
                                        "p.adjust",
                                        [
                                            (
                                                None,
                                                Call(
                                                    "c",
                                                    [
                                                        (
                                                            None,
                                                            Column(
                                                                Variable(
                                                                    "vs.ec",
                                                                ),
                                                                Variable(
                                                                    "p.value",
                                                                ),
                                                            ),
                                                        ),
                                                        (
                                                            None,
                                                            Column(
                                                                Variable(
                                                                    "vs.py",
                                                                ),
                                                                Variable(
                                                                    "p.value",
                                                                ),
                                                            ),
                                                        ),
                                                        (
                                                            None,
                                                            Column(
                                                                Variable(
                                                                    "ec.py",
                                                                ),
                                                                Variable(
                                                                    "p.value",
                                                                ),
                                                            ),
                                                        ),
                                                    ],
                                                ),
                                            ),
                                            (
                                                Some(
                                                    "method",
                                                ),
                                                Constant(
                                                    "\"holm\"",
                                                ),
                                            ),
                                        ],
                                    ),
                                    children: {},
                                },
                            ],
                        },
                    },
                    Node {
                        expression: Call(
                            "wilcox.test",
                            [
                                (
                                    None,
                                    Column(
                                        Index(
                                            Variable(
                                                "kbd",
                                            ),
                                            [
                                                Some(
                                                    Infix(
                                                        "==",
                                                        Column(
                                                            Variable(
                                                                "kbd",
                                                            ),
                                                            Variable(
                                                                "Layout",
                                                            ),
                                                        ),
                                                        Constant(
                                                            "\"Dvorak\"",
                                                        ),
                                                    ),
                                                ),
                                                None,
                                            ],
                                        ),
                                        Variable(
                                            "Speed",
                                        ),
                                    ),
                                ),
                                (
                                    None,
                                    Column(
                                        Index(
                                            Variable(
                                                "kbd",
                                            ),
                                            [
                                                Some(
                                                    Infix(
                                                        "==",
                                                        Column(
                                                            Variable(
                                                                "kbd",
                                                            ),
                                                            Variable(
                                                                "Layout",
                                                            ),
                                                        ),
                                                        Constant(
                                                            "\"QWERTY\"",
                                                        ),
                                                    ),
                                                ),
                                                None,
                                            ],
                                        ),
                                        Variable(
                                            "Speed",
                                        ),
                                    ),
                                ),
                                (
                                    Some(
                                        "exact",
                                    ),
                                    Constant(
                                        "FALSE",
                                    ),
                                ),
                            ],
                        ),
                        children: {
                            None: [
                                Node {
                                    expression: Call(
                                        "p.adjust",
                                        [
                                            (
                                                None,
                                                Call(
                                                    "c",
                                                    [
                                                        (
                                                            None,
                                                            Column(
                                                                Variable(
                                                                    "vs.ec",
                                                                ),
                                                                Variable(
                                                                    "p.value",
                                                                ),
                                                            ),
                                                        ),
                                                        (
                                                            None,
                                                            Column(
                                                                Variable(
                                                                    "vs.py",
                                                                ),
                                                                Variable(
                                                                    "p.value",
                                                                ),
                                                            ),
                                                        ),
                                                        (
                                                            None,
                                                            Column(
                                                                Variable(
                                                                    "ec.py",
                                                                ),
                                                                Variable(
                                                                    "p.value",
                                                                ),
                                                            ),
                                                        ),
                                                    ],
                                                ),
                                            ),
                                            (
                                                Some(
                                                    "method",
                                                ),
                                                Constant(
                                                    "\"holm\"",
                                                ),
                                            ),
                                        ],
                                    ),
                                    children: {},
                                },
                            ],
                        },
                    },
                    Node {
                        expression: Call(
                            "wilcox.test",
                            [
                                (
                                    None,
                                    Column(
                                        Index(
                                            Variable(
                                                "kbd",
                                            ),
                                            [
                                                Some(
                                                    Infix(
                                                        "==",
                                                        Column(
                                                            Variable(
                                                                "kbd",
                                                            ),
                                                            Variable(
                                                                "Layout",
                                                            ),
                                                        ),
                                                        Constant(
                                                            "\"Colemak\"",
                                                        ),
                                                    ),
                                                ),
                                                None,
                                            ],
                                        ),
                                        Variable(
                                            "Speed",
                                        ),
                                    ),
                                ),
                                (
                                    None,
                                    Column(
                                        Index(
                                            Variable(
                                                "kbd",
                                            ),
                                            [
                                                Some(
                                                    Infix(
                                                        "==",
                                                        Column(
                                                            Variable(
                                                                "kbd",
                                                            ),
                                                            Variable(
                                                                "Layout",
                                                            ),
                                                        ),
                                                        Constant(
                                                            "\"QWERTY\"",
                                                        ),
                                                    ),
                                                ),
                                                None,
                                            ],
                                        ),
                                        Variable(
                                            "Speed",
                                        ),
                                    ),
                                ),
                                (
                                    Some(
                                        "exact",
                                    ),
                                    Constant(
                                        "FALSE",
                                    ),
                                ),
                            ],
                        ),
                        children: {
                            None: [
                                Node {
                                    expression: Call(
                                        "p.adjust",
                                        [
                                            (
                                                None,
                                                Call(
                                                    "c",
                                                    [
                                                        (
                                                            None,
                                                            Column(
                                                                Variable(
                                                                    "vs.ec",
                                                                ),
                                                                Variable(
                                                                    "p.value",
                                                                ),
                                                            ),
                                                        ),
                                                        (
                                                            None,
                                                            Column(
                                                                Variable(
                                                                    "vs.py",
                                                                ),
                                                                Variable(
                                                                    "p.value",
                                                                ),
                                                            ),
                                                        ),
                                                        (
                                                            None,
                                                            Column(
                                                                Variable(
                                                                    "ec.py",
                                                                ),
                                                                Variable(
                                                                    "p.value",
                                                                ),
                                                            ),
                                                        ),
                                                    ],
                                                ),
                                            ),
                                            (
                                                Some(
                                                    "method",
                                                ),
                                                Constant(
                                                    "\"holm\"",
                                                ),
                                            ),
                                        ],
                                    ),
                                    children: {},
                                },
                            ],
                        },
                    },
                    Node {
                        expression: Call(
                            "wilcox.test",
                            [
                                (
                                    None,
                                    Column(
                                        Index(
                                            Variable(
                                                "kbd",
                                            ),
                                            [
                                                Some(
                                                    Infix(
                                                        "==",
                                                        Column(
                                                            Variable(
                                                                "kbd",
                                                            ),
                                                            Variable(
                                                                "Layout",
                                                            ),
                                                        ),
                                                        Constant(
                                                            "\"Colemak\"",
                                                        ),
                                                    ),
                                                ),
                                                None,
                                            ],
                                        ),
                                        Variable(
                                            "Speed",
                                        ),
                                    ),
                                ),
                                (
                                    None,
                                    Column(
                                        Index(
                                            Variable(
                                                "kbd",
                                            ),
                                            [
                                                Some(
                                                    Infix(
                                                        "==",
                                                        Column(
                                                            Variable(
                                                                "kbd",
                                                            ),
                                                            Variable(
                                                                "Layout",
                                                            ),
                                                        ),
                                                        Constant(
                                                            "\"QWERTY\"",
                                                        ),
                                                    ),
                                                ),
                                                None,
                                            ],
                                        ),
                                        Variable(
                                            "Speed",
                                        ),
                                    ),
                                ),
                                (
                                    Some(
                                        "exact",
                                    ),
                                    Constant(
                                        "FALSE",
                                    ),
                                ),
                            ],
                        ),
                        children: {
                            None: [
                                Node {
                                    expression: Call(
                                        "p.adjust",
                                        [
                                            (
                                                None,
                                                Call(
                                                    "c",
                                                    [
                                                        (
                                                            None,
                                                            Column(
                                                                Variable(
                                                                    "vs.ec",
                                                                ),
                                                                Variable(
                                                                    "p.value",
                                                                ),
                                                            ),
                                                        ),
                                                        (
                                                            None,
                                                            Column(
                                                                Variable(
                                                                    "vs.py",
                                                                ),
                                                                Variable(
                                                                    "p.value",
                                                                ),
                                                            ),
                                                        ),
                                                        (
                                                            None,
                                                            Column(
                                                                Variable(
                                                                    "ec.py",
                                                                ),
                                                                Variable(
                                                                    "p.value",
                                                                ),
                                                            ),
                                                        ),
                                                    ],
                                                ),
                                            ),
                                            (
                                                Some(
                                                    "method",
                                                ),
                                                Constant(
                                                    "\"holm\"",
                                                ),
                                            ),
                                        ],
                                    ),
                                    children: {},
                                },
                            ],
                        },
                    },
                    Node {
                        expression: Call(
                            "wilcox.test",
                            [
                                (
                                    None,
                                    Column(
                                        Index(
                                            Variable(
                                                "kbd",
                                            ),
                                            [
                                                Some(
                                                    Infix(
                                                        "==",
                                                        Column(
                                                            Variable(
                                                                "kbd",
                                                            ),
                                                            Variable(
                                                                "Layout",
                                                            ),
                                                        ),
                                                        Constant(
                                                            "\"Colemak\"",
                                                        ),
                                                    ),
                                                ),
                                                None,
                                            ],
                                        ),
                                        Variable(
                                            "Speed",
                                        ),
                                    ),
                                ),
                                (
                                    None,
                                    Column(
                                        Index(
                                            Variable(
                                                "kbd",
                                            ),
                                            [
                                                Some(
                                                    Infix(
                                                        "==",
                                                        Column(
                                                            Variable(
                                                                "kbd",
                                                            ),
                                                            Variable(
                                                                "Layout",
                                                            ),
                                                        ),
                                                        Constant(
                                                            "\"Dvorak\"",
                                                        ),
                                                    ),
                                                ),
                                                None,
                                            ],
                                        ),
                                        Variable(
                                            "Speed",
                                        ),
                                    ),
                                ),
                                (
                                    Some(
                                        "exact",
                                    ),
                                    Constant(
                                        "FALSE",
                                    ),
                                ),
                            ],
                        ),
                        children: {
                            None: [
                                Node {
                                    expression: Call(
                                        "p.adjust",
                                        [
                                            (
                                                None,
                                                Call(
                                                    "c",
                                                    [
                                                        (
                                                            None,
                                                            Column(
                                                                Variable(
                                                                    "vs.ec",
                                                                ),
                                                                Variable(
                                                                    "p.value",
                                                                ),
                                                            ),
                                                        ),
                                                        (
                                                            None,
                                                            Column(
                                                                Variable(
                                                                    "vs.py",
                                                                ),
                                                                Variable(
                                                                    "p.value",
                                                                ),
                                                            ),
                                                        ),
                                                        (
                                                            None,
                                                            Column(
                                                                Variable(
                                                                    "ec.py",
                                                                ),
                                                                Variable(
                                                                    "p.value",
                                                                ),
                                                            ),
                                                        ),
                                                    ],
                                                ),
                                            ),
                                            (
                                                Some(
                                                    "method",
                                                ),
                                                Constant(
                                                    "\"holm\"",
                                                ),
                                            ),
                                        ],
                                    ),
                                    children: {},
                                },
                            ],
                        },
                    },
                    Node {
                        expression: Call(
                            "wilcox.test",
                            [
                                (
                                    None,
                                    Column(
                                        Index(
                                            Variable(
                                                "kbd",
                                            ),
                                            [
                                                Some(
                                                    Infix(
                                                        "==",
                                                        Column(
                                                            Variable(
                                                                "kbd",
                                                            ),
                                                            Variable(
                                                                "Layout",
                                                            ),
                                                        ),
                                                        Constant(
                                                            "\"Colemak\"",
                                                        ),
                                                    ),
                                                ),
                                                None,
                                            ],
                                        ),
                                        Variable(
                                            "Speed",
                                        ),
                                    ),
                                ),
                                (
                                    None,
                                    Column(
                                        Index(
                                            Variable(
                                                "kbd",
                                            ),
                                            [
                                                Some(
                                                    Infix(
                                                        "==",
                                                        Column(
                                                            Variable(
                                                                "kbd",
                                                            ),
                                                            Variable(
                                                                "Layout",
                                                            ),
                                                        ),
                                                        Constant(
                                                            "\"Dvorak\"",
                                                        ),
                                                    ),
                                                ),
                                                None,
                                            ],
                                        ),
                                        Variable(
                                            "Speed",
                                        ),
                                    ),
                                ),
                                (
                                    Some(
                                        "exact",
                                    ),
                                    Constant(
                                        "FALSE",
                                    ),
                                ),
                            ],
                        ),
                        children: {
                            None: [
                                Node {
                                    expression: Call(
                                        "p.adjust",
                                        [
                                            (
                                                None,
                                                Call(
                                                    "c",
                                                    [
                                                        (
                                                            None,
                                                            Column(
                                                                Variable(
                                                                    "vs.ec",
                                                                ),
                                                                Variable(
                                                                    "p.value",
                                                                ),
                                                            ),
                                                        ),
                                                        (
                                                            None,
                                                            Column(
                                                                Variable(
                                                                    "vs.py",
                                                                ),
                                                                Variable(
                                                                    "p.value",
                                                                ),
                                                            ),
                                                        ),
                                                        (
                                                            None,
                                                            Column(
                                                                Variable(
                                                                    "ec.py",
                                                                ),
                                                                Variable(
                                                                    "p.value",
                                                                ),
                                                            ),
                                                        ),
                                                    ],
                                                ),
                                            ),
                                            (
                                                Some(
                                                    "method",
                                                ),
                                                Constant(
                                                    "\"holm\"",
                                                ),
                                            ),
                                        ],
                                    ),
                                    children: {},
                                },
                            ],
                        },
                    },
                ],
                Some(
                    Hypothesis {
                        left: "logSpeed",
                        right: Variable(
                            "Layout",
                        ),
                    },
                ): [
                    Node {
                        expression: Call(
                            "shapiro.test",
                            [
                                (
                                    None,
                                    Column(
                                        Index(
                                            Variable(
                                                "kbd",
                                            ),
                                            [
                                                Some(
                                                    Infix(
                                                        "==",
                                                        Column(
                                                            Variable(
                                                                "kbd",
                                                            ),
                                                            Variable(
                                                                "Layout",
                                                            ),
                                                        ),
                                                        Constant(
                                                            "\"QWERTY\"",
                                                        ),
                                                    ),
                                                ),
                                                None,
                                            ],
                                        ),
                                        Variable(
                                            "logSpeed",
                                        ),
                                    ),
                                ),
                            ],
                        ),
                        children: {},
                    },
                ],
            },
        },
        Node {
            expression: Call(
                "qqnorm",
                [
                    (
                        None,
                        Call(
                            "residuals",
                            [
                                (
                                    None,
                                    Variable(
                                        "m",
                                    ),
                                ),
                            ],
                        ),
                    ),
                ],
            ),
            children: {},
        },
        Node {
            expression: Call(
                "qqnorm",
                [
                    (
                        None,
                        Call(
                            "residuals",
                            [
                                (
                                    None,
                                    Variable(
                                        "m",
                                    ),
                                ),
                            ],
                        ),
                    ),
                ],
            ),
            children: {},
        },
    ],
    Some(
        Hypothesis {
            left: "pairwise",
            right: Variable(
                "Layout",
            ),
        },
    ): [
        Node {
            expression: Call(
                "summary",
                [
                    (
                        None,
                        Call(
                            "glht",
                            [
                                (
                                    None,
                                    Variable(
                                        "m",
                                    ),
                                ),
                                (
                                    None,
                                    Call(
                                        "lsm",
                                        [
                                            (
                                                None,
                                                Formula(
                                                    TwoSided(
                                                        "pairwise",
                                                        Variable(
                                                            "Layout",
                                                        ),
                                                    ),
                                                ),
                                            ),
                                        ],
                                    ),
                                ),
                            ],
                        ),
                    ),
                    (
                        Some(
                            "test",
                        ),
                        Call(
                            "adjusted",
                            [
                                (
                                    Some(
                                        "type",
                                    ),
                                    Constant(
                                        "\"holm\"",
                                    ),
                                ),
                            ],
                        ),
                    ),
                ],
            ),
            children: {},
        },
    ],
}
