---
created: "2019-07-26T14:21:19.802175200Z"
creator: insta@0.8.2
source: tests/snapshots.rs
expression: parse_dependency_graph(parsed)
---
Graph {
    Ty: "Directed",
    node_count: 39,
    edge_count: 45,
    edges: (0, 1), (0, 2), (2, 3), (2, 4), (2, 5), (2, 6), (2, 7), (2, 8), (2, 9), (2, 10), (2, 11), (2, 12), (2, 13), (13, 14), (13, 15), (13, 16), (2, 17), (2, 18), (17, 18), (17, 18), (2, 19), (19, 20), (19, 21), (19, 22), (22, 23), (22, 24), (22, 25), (19, 26), (19, 27), (27, 28), (19, 29), (27, 30), (27, 31), (19, 32), (19, 33), (19, 34), (19, 34), (19, 35), (19, 35), (19, 36), (19, 36), (34, 37), (35, 37), (36, 37), (19, 38),
    node weights: {
        0: Call(
            "read.csv",
            [
                (
                    None,
                    Constant(
                        "\"./2-kbd-study.csv\"",
                    ),
                ),
            ],
        ),
        1: Call(
            "View",
            [
                (
                    None,
                    Variable(
                        "kbd",
                    ),
                ),
            ],
        ),
        2: Call(
            "factor",
            [
                (
                    None,
                    Column(
                        Variable(
                            "kbd",
                        ),
                        Variable(
                            "ParticipantID",
                        ),
                    ),
                ),
            ],
        ),
        3: Call(
            "summary",
            [
                (
                    None,
                    Variable(
                        "kbd",
                    ),
                ),
            ],
        ),
        4: Call(
            "ddply",
            [
                (
                    None,
                    Variable(
                        "kbd",
                    ),
                ),
                (
                    None,
                    Formula(
                        OneSided(
                            Variable(
                                "Layout",
                            ),
                        ),
                    ),
                ),
                (
                    None,
                    Function(
                        [
                            (
                                "data",
                                None,
                            ),
                        ],
                        "summary(data$Speed)",
                    ),
                ),
            ],
        ),
        5: Call(
            "ddply",
            [
                (
                    None,
                    Variable(
                        "kbd",
                    ),
                ),
                (
                    None,
                    Formula(
                        OneSided(
                            Variable(
                                "Layout",
                            ),
                        ),
                    ),
                ),
                (
                    None,
                    Variable(
                        "summarise",
                    ),
                ),
                (
                    Some(
                        "Speed.mean",
                    ),
                    Call(
                        "mean",
                        [
                            (
                                None,
                                Variable(
                                    "Speed",
                                ),
                            ),
                        ],
                    ),
                ),
                (
                    Some(
                        "Speed.sd",
                    ),
                    Call(
                        "sd",
                        [
                            (
                                None,
                                Variable(
                                    "Speed",
                                ),
                            ),
                        ],
                    ),
                ),
            ],
        ),
        6: Call(
            "hist",
            [
                (
                    None,
                    Column(
                        Index(
                            Variable(
                                "kbd",
                            ),
                            [
                                Some(
                                    Infix(
                                        "==",
                                        Column(
                                            Variable(
                                                "kbd",
                                            ),
                                            Variable(
                                                "Layout",
                                            ),
                                        ),
                                        Constant(
                                            "\"QWERTY\"",
                                        ),
                                    ),
                                ),
                                None,
                            ],
                        ),
                        Variable(
                            "Speed",
                        ),
                    ),
                ),
            ],
        ),
        7: Call(
            "hist",
            [
                (
                    None,
                    Column(
                        Index(
                            Variable(
                                "kbd",
                            ),
                            [
                                Some(
                                    Infix(
                                        "==",
                                        Column(
                                            Variable(
                                                "kbd",
                                            ),
                                            Variable(
                                                "Layout",
                                            ),
                                        ),
                                        Constant(
                                            "\"Dvorak\"",
                                        ),
                                    ),
                                ),
                                None,
                            ],
                        ),
                        Variable(
                            "Speed",
                        ),
                    ),
                ),
            ],
        ),
        8: Call(
            "hist",
            [
                (
                    None,
                    Column(
                        Index(
                            Variable(
                                "kbd",
                            ),
                            [
                                Some(
                                    Infix(
                                        "==",
                                        Column(
                                            Variable(
                                                "kbd",
                                            ),
                                            Variable(
                                                "Layout",
                                            ),
                                        ),
                                        Constant(
                                            "\"Colemak\"",
                                        ),
                                    ),
                                ),
                                None,
                            ],
                        ),
                        Variable(
                            "Speed",
                        ),
                    ),
                ),
            ],
        ),
        9: Call(
            "plot",
            [
                (
                    None,
                    Formula(
                        TwoSided(
                            "Speed",
                            Variable(
                                "Layout",
                            ),
                        ),
                    ),
                ),
                (
                    Some(
                        "data",
                    ),
                    Variable(
                        "kbd",
                    ),
                ),
            ],
        ),
        10: Call(
            "shapiro.test",
            [
                (
                    None,
                    Column(
                        Index(
                            Variable(
                                "kbd",
                            ),
                            [
                                Some(
                                    Infix(
                                        "==",
                                        Column(
                                            Variable(
                                                "kbd",
                                            ),
                                            Variable(
                                                "Layout",
                                            ),
                                        ),
                                        Constant(
                                            "\"QWERTY\"",
                                        ),
                                    ),
                                ),
                                None,
                            ],
                        ),
                        Variable(
                            "Speed",
                        ),
                    ),
                ),
            ],
        ),
        11: Call(
            "shapiro.test",
            [
                (
                    None,
                    Column(
                        Index(
                            Variable(
                                "kbd",
                            ),
                            [
                                Some(
                                    Infix(
                                        "==",
                                        Column(
                                            Variable(
                                                "kbd",
                                            ),
                                            Variable(
                                                "Layout",
                                            ),
                                        ),
                                        Constant(
                                            "\"Dvorak\"",
                                        ),
                                    ),
                                ),
                                None,
                            ],
                        ),
                        Variable(
                            "Speed",
                        ),
                    ),
                ),
            ],
        ),
        12: Call(
            "shapiro.test",
            [
                (
                    None,
                    Column(
                        Index(
                            Variable(
                                "kbd",
                            ),
                            [
                                Some(
                                    Infix(
                                        "==",
                                        Column(
                                            Variable(
                                                "kbd",
                                            ),
                                            Variable(
                                                "Layout",
                                            ),
                                        ),
                                        Constant(
                                            "\"Colemak\"",
                                        ),
                                    ),
                                ),
                                None,
                            ],
                        ),
                        Variable(
                            "Speed",
                        ),
                    ),
                ),
            ],
        ),
        13: Call(
            "aov",
            [
                (
                    None,
                    Formula(
                        TwoSided(
                            "Speed",
                            Variable(
                                "Layout",
                            ),
                        ),
                    ),
                ),
                (
                    Some(
                        "data",
                    ),
                    Variable(
                        "kbd",
                    ),
                ),
            ],
        ),
        14: Call(
            "shapiro.test",
            [
                (
                    None,
                    Call(
                        "residuals",
                        [
                            (
                                None,
                                Variable(
                                    "m",
                                ),
                            ),
                        ],
                    ),
                ),
            ],
        ),
        15: Call(
            "qqnorm",
            [
                (
                    None,
                    Call(
                        "residuals",
                        [
                            (
                                None,
                                Variable(
                                    "m",
                                ),
                            ),
                        ],
                    ),
                ),
            ],
        ),
        16: Call(
            "qqline",
            [
                (
                    None,
                    Call(
                        "residuals",
                        [
                            (
                                None,
                                Variable(
                                    "m",
                                ),
                            ),
                        ],
                    ),
                ),
            ],
        ),
        17: Column(
            Call(
                "fitdistr",
                [
                    (
                        None,
                        Column(
                            Index(
                                Variable(
                                    "kbd",
                                ),
                                [
                                    Some(
                                        Infix(
                                            "==",
                                            Column(
                                                Variable(
                                                    "kbd",
                                                ),
                                                Variable(
                                                    "Layout",
                                                ),
                                            ),
                                            Constant(
                                                "\"QWERTY\"",
                                            ),
                                        ),
                                    ),
                                    None,
                                ],
                            ),
                            Variable(
                                "Speed",
                            ),
                        ),
                    ),
                    (
                        None,
                        Constant(
                            "\"lognormal\"",
                        ),
                    ),
                ],
            ),
            Variable(
                "estimate",
            ),
        ),
        18: Call(
            "ks.test",
            [
                (
                    None,
                    Column(
                        Index(
                            Variable(
                                "kbd",
                            ),
                            [
                                Some(
                                    Infix(
                                        "==",
                                        Column(
                                            Variable(
                                                "kbd",
                                            ),
                                            Variable(
                                                "Layout",
                                            ),
                                        ),
                                        Constant(
                                            "\"QWERTY\"",
                                        ),
                                    ),
                                ),
                                None,
                            ],
                        ),
                        Variable(
                            "Speed",
                        ),
                    ),
                ),
                (
                    None,
                    Constant(
                        "\"plnorm\"",
                    ),
                ),
                (
                    Some(
                        "meanlog",
                    ),
                    Index(
                        Variable(
                            "fit",
                        ),
                        [
                            Some(
                                Constant(
                                    "1",
                                ),
                            ),
                        ],
                    ),
                ),
                (
                    Some(
                        "sdlog",
                    ),
                    Index(
                        Variable(
                            "fit",
                        ),
                        [
                            Some(
                                Constant(
                                    "2",
                                ),
                            ),
                        ],
                    ),
                ),
                (
                    Some(
                        "exact",
                    ),
                    Constant(
                        "TRUE",
                    ),
                ),
            ],
        ),
        19: Call(
            "log",
            [
                (
                    None,
                    Column(
                        Variable(
                            "kbd",
                        ),
                        Variable(
                            "Speed",
                        ),
                    ),
                ),
            ],
        ),
        20: Call(
            "View",
            [
                (
                    None,
                    Variable(
                        "kbd",
                    ),
                ),
            ],
        ),
        21: Call(
            "shapiro.test",
            [
                (
                    None,
                    Column(
                        Index(
                            Variable(
                                "kbd",
                            ),
                            [
                                Some(
                                    Infix(
                                        "==",
                                        Column(
                                            Variable(
                                                "kbd",
                                            ),
                                            Variable(
                                                "Layout",
                                            ),
                                        ),
                                        Constant(
                                            "\"QWERTY\"",
                                        ),
                                    ),
                                ),
                                None,
                            ],
                        ),
                        Variable(
                            "logSpeed",
                        ),
                    ),
                ),
            ],
        ),
        22: Call(
            "aov",
            [
                (
                    None,
                    Formula(
                        TwoSided(
                            "logSpeed",
                            Variable(
                                "Layout",
                            ),
                        ),
                    ),
                ),
                (
                    Some(
                        "data",
                    ),
                    Variable(
                        "kbd",
                    ),
                ),
            ],
        ),
        23: Call(
            "shapiro.test",
            [
                (
                    None,
                    Call(
                        "residuals",
                        [
                            (
                                None,
                                Variable(
                                    "m",
                                ),
                            ),
                        ],
                    ),
                ),
            ],
        ),
        24: Call(
            "qqnorm",
            [
                (
                    None,
                    Call(
                        "residuals",
                        [
                            (
                                None,
                                Variable(
                                    "m",
                                ),
                            ),
                        ],
                    ),
                ),
            ],
        ),
        25: Call(
            "qqline",
            [
                (
                    None,
                    Call(
                        "residuals",
                        [
                            (
                                None,
                                Variable(
                                    "m",
                                ),
                            ),
                        ],
                    ),
                ),
            ],
        ),
        26: Call(
            "leveneTest",
            [
                (
                    None,
                    Formula(
                        TwoSided(
                            "Speed",
                            Variable(
                                "Layout",
                            ),
                        ),
                    ),
                ),
                (
                    Some(
                        "data",
                    ),
                    Variable(
                        "kbd",
                    ),
                ),
                (
                    Some(
                        "center",
                    ),
                    Variable(
                        "median",
                    ),
                ),
            ],
        ),
        27: Call(
            "aov",
            [
                (
                    None,
                    Formula(
                        TwoSided(
                            "Speed",
                            Variable(
                                "Layout",
                            ),
                        ),
                    ),
                ),
                (
                    Some(
                        "data",
                    ),
                    Variable(
                        "kbd",
                    ),
                ),
            ],
        ),
        28: Call(
            "anova",
            [
                (
                    None,
                    Variable(
                        "m",
                    ),
                ),
            ],
        ),
        29: Call(
            "plot",
            [
                (
                    None,
                    Formula(
                        TwoSided(
                            "Speed",
                            Variable(
                                "Layout",
                            ),
                        ),
                    ),
                ),
                (
                    Some(
                        "data",
                    ),
                    Variable(
                        "kbd",
                    ),
                ),
            ],
        ),
        30: Call(
            "summary",
            [
                (
                    None,
                    Call(
                        "glht",
                        [
                            (
                                None,
                                Variable(
                                    "m",
                                ),
                            ),
                            (
                                None,
                                Call(
                                    "mcp",
                                    [
                                        (
                                            Some(
                                                "Layout",
                                            ),
                                            Constant(
                                                "\"Tukey\"",
                                            ),
                                        ),
                                    ],
                                ),
                            ),
                        ],
                    ),
                ),
                (
                    Some(
                        "test",
                    ),
                    Call(
                        "adjusted",
                        [
                            (
                                Some(
                                    "type",
                                ),
                                Constant(
                                    "\"holm\"",
                                ),
                            ),
                        ],
                    ),
                ),
            ],
        ),
        31: Call(
            "summary",
            [
                (
                    None,
                    Call(
                        "glht",
                        [
                            (
                                None,
                                Variable(
                                    "m",
                                ),
                            ),
                            (
                                None,
                                Call(
                                    "lsm",
                                    [
                                        (
                                            None,
                                            Formula(
                                                TwoSided(
                                                    "pairwise",
                                                    Variable(
                                                        "Layout",
                                                    ),
                                                ),
                                            ),
                                        ),
                                    ],
                                ),
                            ),
                        ],
                    ),
                ),
                (
                    Some(
                        "test",
                    ),
                    Call(
                        "adjusted",
                        [
                            (
                                Some(
                                    "type",
                                ),
                                Constant(
                                    "\"holm\"",
                                ),
                            ),
                        ],
                    ),
                ),
            ],
        ),
        32: Call(
            "kruskal_test",
            [
                (
                    None,
                    Formula(
                        TwoSided(
                            "Speed",
                            Variable(
                                "Layout",
                            ),
                        ),
                    ),
                ),
                (
                    Some(
                        "data",
                    ),
                    Variable(
                        "kbd",
                    ),
                ),
                (
                    Some(
                        "distribution",
                    ),
                    Constant(
                        "\"asymptotic\"",
                    ),
                ),
            ],
        ),
        33: Call(
            "kruskal_test",
            [
                (
                    None,
                    Formula(
                        TwoSided(
                            "logSpeed",
                            Variable(
                                "Layout",
                            ),
                        ),
                    ),
                ),
                (
                    Some(
                        "data",
                    ),
                    Variable(
                        "kbd",
                    ),
                ),
                (
                    Some(
                        "distribution",
                    ),
                    Constant(
                        "\"asymptotic\"",
                    ),
                ),
            ],
        ),
        34: Call(
            "wilcox.test",
            [
                (
                    None,
                    Column(
                        Index(
                            Variable(
                                "kbd",
                            ),
                            [
                                Some(
                                    Infix(
                                        "==",
                                        Column(
                                            Variable(
                                                "kbd",
                                            ),
                                            Variable(
                                                "Layout",
                                            ),
                                        ),
                                        Constant(
                                            "\"Dvorak\"",
                                        ),
                                    ),
                                ),
                                None,
                            ],
                        ),
                        Variable(
                            "Speed",
                        ),
                    ),
                ),
                (
                    None,
                    Column(
                        Index(
                            Variable(
                                "kbd",
                            ),
                            [
                                Some(
                                    Infix(
                                        "==",
                                        Column(
                                            Variable(
                                                "kbd",
                                            ),
                                            Variable(
                                                "Layout",
                                            ),
                                        ),
                                        Constant(
                                            "\"QWERTY\"",
                                        ),
                                    ),
                                ),
                                None,
                            ],
                        ),
                        Variable(
                            "Speed",
                        ),
                    ),
                ),
                (
                    Some(
                        "exact",
                    ),
                    Constant(
                        "FALSE",
                    ),
                ),
            ],
        ),
        35: Call(
            "wilcox.test",
            [
                (
                    None,
                    Column(
                        Index(
                            Variable(
                                "kbd",
                            ),
                            [
                                Some(
                                    Infix(
                                        "==",
                                        Column(
                                            Variable(
                                                "kbd",
                                            ),
                                            Variable(
                                                "Layout",
                                            ),
                                        ),
                                        Constant(
                                            "\"Colemak\"",
                                        ),
                                    ),
                                ),
                                None,
                            ],
                        ),
                        Variable(
                            "Speed",
                        ),
                    ),
                ),
                (
                    None,
                    Column(
                        Index(
                            Variable(
                                "kbd",
                            ),
                            [
                                Some(
                                    Infix(
                                        "==",
                                        Column(
                                            Variable(
                                                "kbd",
                                            ),
                                            Variable(
                                                "Layout",
                                            ),
                                        ),
                                        Constant(
                                            "\"QWERTY\"",
                                        ),
                                    ),
                                ),
                                None,
                            ],
                        ),
                        Variable(
                            "Speed",
                        ),
                    ),
                ),
                (
                    Some(
                        "exact",
                    ),
                    Constant(
                        "FALSE",
                    ),
                ),
            ],
        ),
        36: Call(
            "wilcox.test",
            [
                (
                    None,
                    Column(
                        Index(
                            Variable(
                                "kbd",
                            ),
                            [
                                Some(
                                    Infix(
                                        "==",
                                        Column(
                                            Variable(
                                                "kbd",
                                            ),
                                            Variable(
                                                "Layout",
                                            ),
                                        ),
                                        Constant(
                                            "\"Colemak\"",
                                        ),
                                    ),
                                ),
                                None,
                            ],
                        ),
                        Variable(
                            "Speed",
                        ),
                    ),
                ),
                (
                    None,
                    Column(
                        Index(
                            Variable(
                                "kbd",
                            ),
                            [
                                Some(
                                    Infix(
                                        "==",
                                        Column(
                                            Variable(
                                                "kbd",
                                            ),
                                            Variable(
                                                "Layout",
                                            ),
                                        ),
                                        Constant(
                                            "\"Dvorak\"",
                                        ),
                                    ),
                                ),
                                None,
                            ],
                        ),
                        Variable(
                            "Speed",
                        ),
                    ),
                ),
                (
                    Some(
                        "exact",
                    ),
                    Constant(
                        "FALSE",
                    ),
                ),
            ],
        ),
        37: Call(
            "p.adjust",
            [
                (
                    None,
                    Call(
                        "c",
                        [
                            (
                                None,
                                Column(
                                    Variable(
                                        "vs.ec",
                                    ),
                                    Variable(
                                        "p.value",
                                    ),
                                ),
                            ),
                            (
                                None,
                                Column(
                                    Variable(
                                        "vs.py",
                                    ),
                                    Variable(
                                        "p.value",
                                    ),
                                ),
                            ),
                            (
                                None,
                                Column(
                                    Variable(
                                        "ec.py",
                                    ),
                                    Variable(
                                        "p.value",
                                    ),
                                ),
                            ),
                        ],
                    ),
                ),
                (
                    Some(
                        "method",
                    ),
                    Constant(
                        "\"holm\"",
                    ),
                ),
            ],
        ),
        38: Call(
            "posthoc.kruskal.conover.test",
            [
                (
                    None,
                    Formula(
                        TwoSided(
                            "Speed",
                            Variable(
                                "Layout",
                            ),
                        ),
                    ),
                ),
                (
                    Some(
                        "data",
                    ),
                    Variable(
                        "kbd",
                    ),
                ),
                (
                    Some(
                        "p.adjust.method",
                    ),
                    Constant(
                        "\"holm\"",
                    ),
                ),
            ],
        ),
    },
}
